Archive member included to satisfy reference by file (symbol)

../Lab2_LOOP_AUDIO_bsp/\libhal_bsp.a(alt_load.o)
                              ../Lab2_LOOP_AUDIO_bsp//obj/HAL/src/crt0.o (alt_load)
../Lab2_LOOP_AUDIO_bsp/\libhal_bsp.a(alt_main.o)
                              ../Lab2_LOOP_AUDIO_bsp//obj/HAL/src/crt0.o (alt_main)
../Lab2_LOOP_AUDIO_bsp/\libhal_bsp.a(alt_printf.o)
                              obj/default/LOOP_AUDIO.o (alt_printf)
../Lab2_LOOP_AUDIO_bsp/\libhal_bsp.a(alt_putchar.o)
                              ../Lab2_LOOP_AUDIO_bsp/\libhal_bsp.a(alt_printf.o) (alt_putchar)
../Lab2_LOOP_AUDIO_bsp/\libhal_bsp.a(alt_sys_init.o)
                              ../Lab2_LOOP_AUDIO_bsp/\libhal_bsp.a(alt_main.o) (alt_irq_init)
../Lab2_LOOP_AUDIO_bsp/\libhal_bsp.a(altera_avalon_jtag_uart_fd.o)
                              ../Lab2_LOOP_AUDIO_bsp/\libhal_bsp.a(alt_sys_init.o) (altera_avalon_jtag_uart_read_fd)
../Lab2_LOOP_AUDIO_bsp/\libhal_bsp.a(altera_avalon_jtag_uart_init.o)
                              ../Lab2_LOOP_AUDIO_bsp/\libhal_bsp.a(alt_sys_init.o) (altera_avalon_jtag_uart_init)
../Lab2_LOOP_AUDIO_bsp/\libhal_bsp.a(altera_avalon_jtag_uart_ioctl.o)
                              ../Lab2_LOOP_AUDIO_bsp/\libhal_bsp.a(altera_avalon_jtag_uart_fd.o) (altera_avalon_jtag_uart_ioctl)
../Lab2_LOOP_AUDIO_bsp/\libhal_bsp.a(altera_avalon_jtag_uart_read.o)
                              ../Lab2_LOOP_AUDIO_bsp/\libhal_bsp.a(altera_avalon_jtag_uart_fd.o) (altera_avalon_jtag_uart_read)
../Lab2_LOOP_AUDIO_bsp/\libhal_bsp.a(altera_avalon_jtag_uart_write.o)
                              ../Lab2_LOOP_AUDIO_bsp/\libhal_bsp.a(altera_avalon_jtag_uart_fd.o) (altera_avalon_jtag_uart_write)
../Lab2_LOOP_AUDIO_bsp/\libhal_bsp.a(altera_avalon_lcd_16207.o)
                              ../Lab2_LOOP_AUDIO_bsp/\libhal_bsp.a(alt_sys_init.o) (altera_avalon_lcd_16207_init)
../Lab2_LOOP_AUDIO_bsp/\libhal_bsp.a(altera_avalon_lcd_16207_fd.o)
                              ../Lab2_LOOP_AUDIO_bsp/\libhal_bsp.a(alt_sys_init.o) (altera_avalon_lcd_16207_write_fd)
../Lab2_LOOP_AUDIO_bsp/\libhal_bsp.a(altera_avalon_timer_sc.o)
                              ../Lab2_LOOP_AUDIO_bsp/\libhal_bsp.a(alt_sys_init.o) (alt_avalon_timer_sc_init)
../Lab2_LOOP_AUDIO_bsp/\libhal_bsp.a(altera_avalon_uart_fd.o)
                              ../Lab2_LOOP_AUDIO_bsp/\libhal_bsp.a(alt_sys_init.o) (altera_avalon_uart_read_fd)
../Lab2_LOOP_AUDIO_bsp/\libhal_bsp.a(altera_avalon_uart_init.o)
                              ../Lab2_LOOP_AUDIO_bsp/\libhal_bsp.a(alt_sys_init.o) (altera_avalon_uart_init)
../Lab2_LOOP_AUDIO_bsp/\libhal_bsp.a(altera_avalon_uart_read.o)
                              ../Lab2_LOOP_AUDIO_bsp/\libhal_bsp.a(altera_avalon_uart_fd.o) (altera_avalon_uart_read)
../Lab2_LOOP_AUDIO_bsp/\libhal_bsp.a(altera_avalon_uart_write.o)
                              ../Lab2_LOOP_AUDIO_bsp/\libhal_bsp.a(altera_avalon_uart_fd.o) (altera_avalon_uart_write)
../Lab2_LOOP_AUDIO_bsp/\libhal_bsp.a(altera_up_avalon_audio.o)
                              obj/default/LOOP_AUDIO.o (alt_up_audio_open_dev)
../Lab2_LOOP_AUDIO_bsp/\libhal_bsp.a(alt_alarm_start.o)
                              ../Lab2_LOOP_AUDIO_bsp/\libhal_bsp.a(altera_avalon_jtag_uart_init.o) (alt_alarm_start)
../Lab2_LOOP_AUDIO_bsp/\libhal_bsp.a(alt_close.o)
                              ../Lab2_LOOP_AUDIO_bsp/\libhal_bsp.a(alt_main.o) (close)
../Lab2_LOOP_AUDIO_bsp/\libhal_bsp.a(alt_dcache_flush_all.o)
                              ../Lab2_LOOP_AUDIO_bsp/\libhal_bsp.a(alt_load.o) (alt_dcache_flush_all)
../Lab2_LOOP_AUDIO_bsp/\libhal_bsp.a(alt_dev.o)
                              ../Lab2_LOOP_AUDIO_bsp/\libhal_bsp.a(alt_sys_init.o) (alt_dev_list)
../Lab2_LOOP_AUDIO_bsp/\libhal_bsp.a(alt_dev_llist_insert.o)
                              ../Lab2_LOOP_AUDIO_bsp/\libhal_bsp.a(alt_sys_init.o) (alt_dev_llist_insert)
../Lab2_LOOP_AUDIO_bsp/\libhal_bsp.a(alt_do_ctors.o)
                              ../Lab2_LOOP_AUDIO_bsp/\libhal_bsp.a(alt_main.o) (_do_ctors)
../Lab2_LOOP_AUDIO_bsp/\libhal_bsp.a(alt_do_dtors.o)
                              ../Lab2_LOOP_AUDIO_bsp/\libhal_bsp.a(alt_main.o) (_do_dtors)
../Lab2_LOOP_AUDIO_bsp/\libhal_bsp.a(alt_errno.o)
                              ../Lab2_LOOP_AUDIO_bsp/\libhal_bsp.a(altera_avalon_uart_read.o) (alt_errno)
../Lab2_LOOP_AUDIO_bsp/\libhal_bsp.a(alt_find_dev.o)
                              ../Lab2_LOOP_AUDIO_bsp/\libhal_bsp.a(altera_up_avalon_audio.o) (alt_find_dev)
../Lab2_LOOP_AUDIO_bsp/\libhal_bsp.a(alt_icache_flush_all.o)
                              ../Lab2_LOOP_AUDIO_bsp/\libhal_bsp.a(alt_load.o) (alt_icache_flush_all)
../Lab2_LOOP_AUDIO_bsp/\libhal_bsp.a(alt_io_redirect.o)
                              ../Lab2_LOOP_AUDIO_bsp/\libhal_bsp.a(alt_main.o) (alt_io_redirect)
../Lab2_LOOP_AUDIO_bsp/\libhal_bsp.a(alt_irq_register.o)
                              ../Lab2_LOOP_AUDIO_bsp/\libhal_bsp.a(altera_avalon_jtag_uart_init.o) (alt_irq_register)
[...]
Memory Configuration

Name             Origin             Length             Attributes
reset            0x0000000000800000 0x0000000000000020
sdram_0          0x0000000000800020 0x00000000007fffe0
*default*        0x0000000000000000 0xffffffffffffffff

Linker script and memory map

LOAD ../Lab2_LOOP_AUDIO_bsp//obj/HAL/src/crt0.o
LOAD obj/default/LOOP_AUDIO.o
LOAD obj/default/hello_world.o
LOAD c:/software/altera/18.1/nios2eds/bin/gnu/h-x86_64-mingw32/bin/../lib/gcc/nios2-elf/5.3.0/../../../../../H-x86_64-mingw32/nios2-elf/lib\libstdc++.a
LOAD c:/software/altera/18.1/nios2eds/bin/gnu/h-x86_64-mingw32/bin/../lib/gcc/nios2-elf/5.3.0/../../../../../H-x86_64-mingw32/nios2-elf/lib\libm.a
LOAD c:/software/altera/18.1/nios2eds/bin/gnu/h-x86_64-mingw32/bin/../lib/gcc/nios2-elf/5.3.0\libgcc.a
START GROUP
LOAD c:/software/altera/18.1/nios2eds/bin/gnu/h-x86_64-mingw32/bin/../lib/gcc/nios2-elf/5.3.0/../../../../../H-x86_64-mingw32/nios2-elf/lib\libc.a
LOAD c:/software/altera/18.1/nios2eds/bin/gnu/h-x86_64-mingw32/bin/../lib/gcc/nios2-elf/5.3.0\libgcc.a
LOAD ../Lab2_LOOP_AUDIO_bsp/\libhal_bsp.a
LOAD c:/software/altera/18.1/nios2eds/bin/gnu/h-x86_64-mingw32/bin/../lib/gcc/nios2-elf/5.3.0/../../../../../H-x86_64-mingw32/nios2-elf/lib\libm.a
END GROUP
LOAD c:/software/altera/18.1/nios2eds/bin/gnu/h-x86_64-mingw32/bin/../lib/gcc/nios2-elf/5.3.0\libgcc.a
                0x0000000000800000                __alt_mem_sdram_0 = 0x800000

.entry          0x0000000000800000       0x20
 *(.entry)
 .entry         0x0000000000800000       0x20 ../Lab2_LOOP_AUDIO_bsp//obj/HAL/src/crt0.o
                0x0000000000800000                __reset

.exceptions     0x0000000000800020      0x228
                0x0000000000800020                PROVIDE (__ram_exceptions_start, ABSOLUTE (.))
                0x0000000000800020                . = ALIGN (0x20)
 *(.irq)
 *(.exceptions.entry.label)
 .exceptions.entry.label
                0x0000000000800020        0x0 ../Lab2_LOOP_AUDIO_bsp/\libhal_bsp.a(alt_irq_entry.o)
                0x0000000000800020                alt_irq_entry
 .exceptions.entry.label
                0x0000000000800020        0x0 ../Lab2_LOOP_AUDIO_bsp/\libhal_bsp.a(alt_exception_entry.o)
                0x0000000000800020                alt_exception
 *(.exceptions.entry.user)
 *(.exceptions.entry.ecc_fatal)
 *(.exceptions.entry)
 .exceptions.entry
                0x0000000000800020       0x54 ../Lab2_LOOP_AUDIO_bsp/\libhal_bsp.a(alt_exception_entry.o)
 *(.exceptions.irqtest.user)
 *(.exceptions.irqtest)
 .exceptions.irqtest
                0x0000000000800074       0x10 ../Lab2_LOOP_AUDIO_bsp/\libhal_bsp.a(alt_irq_entry.o)
 *(.exceptions.irqhandler.user)
 *(.exceptions.irqhandler)
 .exceptions.irqhandler
                0x0000000000800084        0x4 ../Lab2_LOOP_AUDIO_bsp/\libhal_bsp.a(alt_irq_entry.o)
 *(.exceptions.irqreturn.user)
 *(.exceptions.irqreturn)
 .exceptions.irqreturn
                0x0000000000800088        0x4 ../Lab2_LOOP_AUDIO_bsp/\libhal_bsp.a(alt_irq_entry.o)
 *(.exceptions.notirq.label)
 .exceptions.notirq.label
                0x000000000080008c        0x0 ../Lab2_LOOP_AUDIO_bsp/\libhal_bsp.a(alt_irq_entry.o)
 *(.exceptions.notirq.user)
 *(.exceptions.notirq)
 .exceptions.notirq
                0x000000000080008c        0x8 ../Lab2_LOOP_AUDIO_bsp/\libhal_bsp.a(alt_exception_entry.o)
 *(.exceptions.soft.user)
 *(.exceptions.soft)
 *(.exceptions.unknown.user)
 *(.exceptions.unknown)
 .exceptions.unknown
                0x0000000000800094       0x14 ../Lab2_LOOP_AUDIO_bsp/\libhal_bsp.a(alt_exception_entry.o)
 *(.exceptions.exit.label)
 .exceptions.exit.label
                0x00000000008000a8        0x0 ../Lab2_LOOP_AUDIO_bsp/\libhal_bsp.a(alt_irq_entry.o)
 .exceptions.exit.label
                0x00000000008000a8        0x0 ../Lab2_LOOP_AUDIO_bsp/\libhal_bsp.a(alt_exception_entry.o)
 *(.exceptions.exit.user)
 *(.exceptions.exit)
 .exceptions.exit
                0x00000000008000a8       0x54 ../Lab2_LOOP_AUDIO_bsp/\libhal_bsp.a(alt_exception_entry.o)
 *(.exceptions)
 .exceptions    0x00000000008000fc       0xd8 ../Lab2_LOOP_AUDIO_bsp/\libhal_bsp.a(alt_irq_handler.o)
                0x00000000008000fc                alt_irq_handler
 .exceptions    0x00000000008001d4       0x74 ../Lab2_LOOP_AUDIO_bsp/\libhal_bsp.a(alt_instruction_exception_entry.o)
                0x00000000008001d4                alt_instruction_exception_entry
                0x0000000000800248                PROVIDE (__ram_exceptions_end, ABSOLUTE (.))
                0x0000000000800020                PROVIDE (__flash_exceptions_start, LOADADDR (.exceptions))

.text           0x0000000000800248     0x6e7c
                [!provide]                        PROVIDE (stext, ABSOLUTE (.))
 *(.interp)
 *(.hash)
 *(.dynsym)
 *(.dynstr)
 *(.gnu.version)
 *(.gnu.version_d)
 *(.gnu.version_r)
 *(.rel.init)
 *(.rela.init)
 *(.rel.text .rel.text.* .rel.gnu.linkonce.t.*)
 *(.rela.text .rela.text.* .rela.gnu.linkonce.t.*)
 *(.rel.fini)
 *(.rela.fini)
 *(.rel.rodata .rel.rodata.* .rel.gnu.linkonce.r.*)
 *(.rela.rodata .rela.rodata.* .rela.gnu.linkonce.r.*)
 *(.rel.data .rel.data.* .rel.gnu.linkonce.d.*)
 *(.rela.data .rela.data.* .rela.gnu.linkonce.d.*)
 *(.rel.tdata .rel.tdata.* .rel.gnu.linkonce.td.*)
 *(.rela.tdata .rela.tdata.* .rela.gnu.linkonce.td.*)
 *(.rel.tbss .rel.tbss.* .rel.gnu.linkonce.tb.*)
 *(.rela.tbss .rela.tbss.* .rela.gnu.linkonce.tb.*)
 *(.rel.ctors)
 *(.rela.ctors)
 *(.rel.dtors)
 *(.rela.dtors)
 *(.rel.got)
 *(.rela.got)
 *(.rel.sdata .rel.sdata.* .rel.gnu.linkonce.s.*)
 *(.rela.sdata .rela.sdata.* .rela.gnu.linkonce.s.*)
 *(.rel.sbss .rel.sbss.* .rel.gnu.linkonce.sb.*)
 *(.rela.sbss .rela.sbss.* .rela.gnu.linkonce.sb.*)
 *(.rel.sdata2 .rel.sdata2.* .rel.gnu.linkonce.s2.*)
 *(.rela.sdata2 .rela.sdata2.* .rela.gnu.linkonce.s2.*)
 *(.rel.sbss2 .rel.sbss2.* .rel.gnu.linkonce.sb2.*)
 *(.rela.sbss2 .rela.sbss2.* .rela.gnu.linkonce.sb2.*)
 *(.rel.bss .rel.bss.* .rel.gnu.linkonce.b.*)
 *(.rela.bss .rela.bss.* .rela.gnu.linkonce.b.*)
 *(.rel.plt)
 *(.rela.plt)
 *(.rel.dyn)
 *(.init)
 *(.plt)
 *(.text .stub .text.* .gnu.linkonce.t.*)
 .text          0x0000000000800248       0x4c ../Lab2_LOOP_AUDIO_bsp//obj/HAL/src/crt0.o
                0x0000000000800248                _start
 .text          0x0000000000800294       0xc0 obj/default/LOOP_AUDIO.o
                0x0000000000800294                main
 .text          0x0000000000800354        0x0 obj/default/hello_world.o
 .text          0x0000000000800354       0xec ../Lab2_LOOP_AUDIO_bsp/\libhal_bsp.a(alt_load.o)
                0x00000000008003bc                alt_load
 .text          0x0000000000800440       0x7c ../Lab2_LOOP_AUDIO_bsp/\libhal_bsp.a(alt_main.o)
                0x0000000000800440                alt_main
 .text          0x00000000008004bc      0x22c ../Lab2_LOOP_AUDIO_bsp/\libhal_bsp.a(alt_printf.o)
                0x00000000008004bc                alt_printf
 .text          0x00000000008006e8       0x3c ../Lab2_LOOP_AUDIO_bsp/\libhal_bsp.a(alt_putchar.o)
                0x00000000008006e8                alt_putchar
 .text          0x0000000000800724      0x120 ../Lab2_LOOP_AUDIO_bsp/\libhal_bsp.a(alt_sys_init.o)
                0x0000000000800758                alt_irq_init
                0x0000000000800790                alt_sys_init
 .text          0x0000000000800844      0x164 ../Lab2_LOOP_AUDIO_bsp/\libhal_bsp.a(altera_avalon_jtag_uart_fd.o)
                0x0000000000800844                altera_avalon_jtag_uart_read_fd
                0x00000000008008a4                altera_avalon_jtag_uart_write_fd
                0x0000000000800904                altera_avalon_jtag_uart_close_fd
                0x0000000000800954                altera_avalon_jtag_uart_ioctl_fd
 .text          0x00000000008009a8      0x3cc ../Lab2_LOOP_AUDIO_bsp/\libhal_bsp.a(altera_avalon_jtag_uart_init.o)
                0x00000000008009a8                altera_avalon_jtag_uart_init
                0x0000000000800d0c                altera_avalon_jtag_uart_close
 .text          0x0000000000800d74       0xf0 ../Lab2_LOOP_AUDIO_bsp/\libhal_bsp.a(altera_avalon_jtag_uart_ioctl.o)
                0x0000000000800d74                altera_avalon_jtag_uart_ioctl
 .text          0x0000000000800e64      0x21c ../Lab2_LOOP_AUDIO_bsp/\libhal_bsp.a(altera_avalon_jtag_uart_read.o)
                0x0000000000800e64                altera_avalon_jtag_uart_read
 .text          0x0000000000801080      0x224 ../Lab2_LOOP_AUDIO_bsp/\libhal_bsp.a(altera_avalon_jtag_uart_write.o)
                0x0000000000801080                altera_avalon_jtag_uart_write
 .text          0x00000000008012a4      0xe7c ../Lab2_LOOP_AUDIO_bsp/\libhal_bsp.a(altera_avalon_lcd_16207.o)
                0x0000000000801a68                altera_avalon_lcd_16207_write
                0x0000000000801fec                altera_avalon_lcd_16207_init
 .text          0x0000000000802120       0x60 ../Lab2_LOOP_AUDIO_bsp/\libhal_bsp.a(altera_avalon_lcd_16207_fd.o)
                0x0000000000802120                altera_avalon_lcd_16207_write_fd
 .text          0x0000000000802180       0xf0 ../Lab2_LOOP_AUDIO_bsp/\libhal_bsp.a(altera_avalon_timer_sc.o)
                0x00000000008021fc                alt_avalon_timer_sc_init
 .text          0x0000000000802270      0x110 ../Lab2_LOOP_AUDIO_bsp/\libhal_bsp.a(altera_avalon_uart_fd.o)
                0x0000000000802270                altera_avalon_uart_read_fd
                0x00000000008022d0                altera_avalon_uart_write_fd
                0x0000000000802330                altera_avalon_uart_close_fd
 .text          0x0000000000802380      0x3c4 ../Lab2_LOOP_AUDIO_bsp/\libhal_bsp.a(altera_avalon_uart_init.o)
                0x0000000000802380                altera_avalon_uart_init
                0x00000000008026f0                altera_avalon_uart_close
 .text          0x0000000000802744      0x218 ../Lab2_LOOP_AUDIO_bsp/\libhal_bsp.a(altera_avalon_uart_read.o)
                0x0000000000802780                altera_avalon_uart_read
 .text          0x000000000080295c      0x1e8 ../Lab2_LOOP_AUDIO_bsp/\libhal_bsp.a(altera_avalon_uart_write.o)
                0x0000000000802998                altera_avalon_uart_write
 .text          0x0000000000802b44      0x7a8 ../Lab2_LOOP_AUDIO_bsp/\libhal_bsp.a(altera_up_avalon_audio.o)
                0x0000000000802b44                alt_up_audio_open_dev
                0x0000000000802b80                alt_up_audio_enable_read_interrupt
                0x0000000000802bd4                alt_up_audio_disable_read_interrupt
                0x0000000000802c2c                alt_up_audio_enable_write_interrupt
                0x0000000000802c80                alt_up_audio_disable_write_interrupt
                0x0000000000802cd8                alt_up_audio_read_interrupt_pending
                0x0000000000802d18                alt_up_audio_write_interrupt_pending
                0x0000000000802d58                alt_up_audio_reset_audio_core
                0x0000000000802dec                alt_up_audio_read_fifo_avail
                0x0000000000802e4c                alt_up_audio_record_r
                0x0000000000802eb4                alt_up_audio_record_l
                0x0000000000802f1c                alt_up_audio_write_fifo_space
                0x0000000000802f7c                alt_up_audio_play_r
                0x0000000000802fe4                alt_up_audio_play_l
                0x000000000080304c                alt_up_audio_read_fifo
                0x000000000080312c                alt_up_audio_write_fifo
                0x0000000000803234                alt_up_audio_read_fifo_head
                0x0000000000803284                alt_up_audio_write_fifo_head
 .text          0x00000000008032ec      0x12c ../Lab2_LOOP_AUDIO_bsp/\libhal_bsp.a(alt_alarm_start.o)
                0x00000000008032ec                alt_alarm_start
 .text          0x0000000000803418      0x10c ../Lab2_LOOP_AUDIO_bsp/\libhal_bsp.a(alt_close.o)
                0x0000000000803454                close
 .text          0x0000000000803524       0x48 ../Lab2_LOOP_AUDIO_bsp/\libhal_bsp.a(alt_dcache_flush_all.o)
                0x0000000000803524                alt_dcache_flush_all
 .text          0x000000000080356c       0x2c ../Lab2_LOOP_AUDIO_bsp/\libhal_bsp.a(alt_dev.o)
 .text          0x0000000000803598       0xe0 ../Lab2_LOOP_AUDIO_bsp/\libhal_bsp.a(alt_dev_llist_insert.o)
                0x00000000008035d4                alt_dev_llist_insert
 .text          0x0000000000803678       0x60 ../Lab2_LOOP_AUDIO_bsp/\libhal_bsp.a(alt_do_ctors.o)
                0x0000000000803678                _do_ctors
 .text          0x00000000008036d8       0x60 ../Lab2_LOOP_AUDIO_bsp/\libhal_bsp.a(alt_do_dtors.o)
                0x00000000008036d8                _do_dtors
 .text          0x0000000000803738        0x0 ../Lab2_LOOP_AUDIO_bsp/\libhal_bsp.a(alt_errno.o)
 .text          0x0000000000803738       0x90 ../Lab2_LOOP_AUDIO_bsp/\libhal_bsp.a(alt_find_dev.o)
                0x0000000000803738                alt_find_dev
 .text          0x00000000008037c8       0x34 ../Lab2_LOOP_AUDIO_bsp/\libhal_bsp.a(alt_icache_flush_all.o)
                0x00000000008037c8                alt_icache_flush_all
 .text          0x00000000008037fc      0x140 ../Lab2_LOOP_AUDIO_bsp/\libhal_bsp.a(alt_io_redirect.o)
                0x00000000008038c0                alt_io_redirect
 .text          0x000000000080393c      0x180 ../Lab2_LOOP_AUDIO_bsp/\libhal_bsp.a(alt_irq_register.o)
                0x000000000080393c                alt_irq_register
 .text          0x0000000000803abc        0x0 ../Lab2_LOOP_AUDIO_bsp/\libhal_bsp.a(alt_irq_vars.o)
 .text          0x0000000000803abc      0x254 ../Lab2_LOOP_AUDIO_bsp/\libhal_bsp.a(alt_open.o)
                0x0000000000803bbc                open
 .text          0x0000000000803d10       0x64 ../Lab2_LOOP_AUDIO_bsp/\libhal_bsp.a(alt_release_fd.o)
                0x0000000000803d10                alt_release_fd
 .text          0x0000000000803d74      0x1a4 ../Lab2_LOOP_AUDIO_bsp/\libhal_bsp.a(alt_tick.o)
                0x0000000000803d74                alt_alarm_stop
                0x0000000000803e10                alt_tick
 .text          0x0000000000803f18       0x30 ../Lab2_LOOP_AUDIO_bsp/\libhal_bsp.a(alt_usleep.o)
                0x0000000000803f18                usleep
 .text          0x0000000000803f48       0x24 ../Lab2_LOOP_AUDIO_bsp/\libhal_bsp.a(altera_nios2_gen2_irq.o)
                0x0000000000803f48                altera_nios2_gen2_irq_init
 .text          0x0000000000803f6c      0x158 ../Lab2_LOOP_AUDIO_bsp/\libhal_bsp.a(alt_busy_sleep.o)
                0x0000000000803f6c                alt_busy_sleep
 .text          0x00000000008040c4      0x108 ../Lab2_LOOP_AUDIO_bsp/\libhal_bsp.a(alt_find_file.o)
                0x00000000008040c4                alt_find_file
 .text          0x00000000008041cc       0xa4 ../Lab2_LOOP_AUDIO_bsp/\libhal_bsp.a(alt_get_fd.o)
                0x00000000008041cc                alt_get_fd
 .text          0x0000000000804270       0x90 ../Lab2_LOOP_AUDIO_bsp/\libhal_bsp.a(alt_icache_flush.o)
                0x0000000000804270                alt_icache_flush
 .text          0x0000000000804300        0x0 ../Lab2_LOOP_AUDIO_bsp/\libhal_bsp.a(alt_irq_entry.o)
 .text          0x0000000000804300        0x0 ../Lab2_LOOP_AUDIO_bsp/\libhal_bsp.a(alt_irq_handler.o)
 .text          0x0000000000804300        0x0 ../Lab2_LOOP_AUDIO_bsp/\libhal_bsp.a(alt_exception_entry.o)
 .text          0x0000000000804300       0x9c ../Lab2_LOOP_AUDIO_bsp/\libhal_bsp.a(alt_instruction_exception_entry.o)
                0x0000000000804300                alt_exception_cause_generated_bad_addr
 .text          0x000000000080439c        0x0 c:/software/altera/18.1/nios2eds/bin/gnu/h-x86_64-mingw32/bin/../lib/gcc/nios2-elf/5.3.0/../../../../../H-x86_64-mingw32/nios2-elf/lib\libc.a(lib_a-atexit.o)
 .text.atexit   0x000000000080439c       0x14 c:/software/altera/18.1/nios2eds/bin/gnu/h-x86_64-mingw32/bin/../lib/gcc/nios2-elf/5.3.0/../../../../../H-x86_64-mingw32/nios2-elf/lib\libc.a(lib_a-atexit.o)
                0x000000000080439c                atexit
 .text          0x00000000008043b0        0x0 c:/software/altera/18.1/nios2eds/bin/gnu/h-x86_64-mingw32/bin/../lib/gcc/nios2-elf/5.3.0/../../../../../H-x86_64-mingw32/nios2-elf/lib\libc.a(lib_a-ctype_.o)
 .text          0x00000000008043b0        0x0 c:/software/altera/18.1/nios2eds/bin/gnu/h-x86_64-mingw32/bin/../lib/gcc/nios2-elf/5.3.0/../../../../../H-x86_64-mingw32/nios2-elf/lib\libc.a(lib_a-exit.o)
 .text.exit     0x00000000008043b0       0x38 c:/software/altera/18.1/nios2eds/bin/gnu/h-x86_64-mingw32/bin/../lib/gcc/nios2-elf/5.3.0/../../../../../H-x86_64-mingw32/nios2-elf/lib\libc.a(lib_a-exit.o)
                0x00000000008043b0                exit
 .text          0x00000000008043e8        0x0 c:/software/altera/18.1/nios2eds/bin/gnu/h-x86_64-mingw32/bin/../lib/gcc/nios2-elf/5.3.0/../../../../../H-x86_64-mingw32/nios2-elf/lib\libc.a(lib_a-impure.o)
 .text          0x00000000008043e8        0x0 c:/software/altera/18.1/nios2eds/bin/gnu/h-x86_64-mingw32/bin/../lib/gcc/nios2-elf/5.3.0/../../../../../H-x86_64-mingw32/nios2-elf/lib\libc.a(lib_a-int_errno.o)
 .text          0x00000000008043e8        0x0 c:/software/altera/18.1/nios2eds/bin/gnu/h-x86_64-mingw32/bin/../lib/gcc/nios2-elf/5.3.0/../../../../../H-x86_64-mingw32/nios2-elf/lib\libc.a(lib_a-memcmp.o)
 .text.memcmp   0x00000000008043e8       0x7c c:/software/altera/18.1/nios2eds/bin/gnu/h-x86_64-mingw32/bin/../lib/gcc/nios2-elf/5.3.0/../../../../../H-x86_64-mingw32/nios2-elf/lib\libc.a(lib_a-memcmp.o)
                0x00000000008043e8                memcmp
 .text          0x0000000000804464        0x0 c:/software/altera/18.1/nios2eds/bin/gnu/h-x86_64-mingw32/bin/../lib/gcc/nios2-elf/5.3.0/../../../../../H-x86_64-mingw32/nios2-elf/lib\libc.a(lib_a-memcpy.o)
 .text.memcpy   0x0000000000804464      0x148 c:/software/altera/18.1/nios2eds/bin/gnu/h-x86_64-mingw32/bin/../lib/gcc/nios2-elf/5.3.0/../../../../../H-x86_64-mingw32/nios2-elf/lib\libc.a(lib_a-memcpy.o)
                0x0000000000804464                memcpy
 .text          0x00000000008045ac        0x0 c:/software/altera/18.1/nios2eds/bin/gnu/h-x86_64-mingw32/bin/../lib/gcc/nios2-elf/5.3.0/../../../../../H-x86_64-mingw32/nios2-elf/lib\libc.a(lib_a-memset.o)
 .text.memset   0x00000000008045ac      0x128 c:/software/altera/18.1/nios2eds/bin/gnu/h-x86_64-mingw32/bin/../lib/gcc/nios2-elf/5.3.0/../../../../../H-x86_64-mingw32/nios2-elf/lib\libc.a(lib_a-memset.o)
                0x00000000008045ac                memset
 .text          0x00000000008046d4        0x0 c:/software/altera/18.1/nios2eds/bin/gnu/h-x86_64-mingw32/bin/../lib/gcc/nios2-elf/5.3.0/../../../../../H-x86_64-mingw32/nios2-elf/lib\libc.a(lib_a-putc.o)
 .text._putc_r  0x00000000008046d4       0xa0 c:/software/altera/18.1/nios2eds/bin/gnu/h-x86_64-mingw32/bin/../lib/gcc/nios2-elf/5.3.0/../../../../../H-x86_64-mingw32/nios2-elf/lib\libc.a(lib_a-putc.o)
                0x00000000008046d4                _putc_r
 .text.putc     0x0000000000804774       0xc8 c:/software/altera/18.1/nios2eds/bin/gnu/h-x86_64-mingw32/bin/../lib/gcc/nios2-elf/5.3.0/../../../../../H-x86_64-mingw32/nios2-elf/lib\libc.a(lib_a-putc.o)
                0x0000000000804774                putc
 .text          0x000000000080483c        0x0 c:/software/altera/18.1/nios2eds/bin/gnu/h-x86_64-mingw32/bin/../lib/gcc/nios2-elf/5.3.0/../../../../../H-x86_64-mingw32/nios2-elf/lib\libc.a(lib_a-strlen.o)
 .text.strlen   0x000000000080483c       0x98 c:/software/altera/18.1/nios2eds/bin/gnu/h-x86_64-mingw32/bin/../lib/gcc/nios2-elf/5.3.0/../../../../../H-x86_64-mingw32/nios2-elf/lib\libc.a(lib_a-strlen.o)
                0x000000000080483c                strlen
 .text          0x00000000008048d4        0x0 c:/software/altera/18.1/nios2eds/bin/gnu/h-x86_64-mingw32/bin/../lib/gcc/nios2-elf/5.3.0/../../../../../H-x86_64-mingw32/nios2-elf/lib\libc.a(lib_a-wbuf.o)
 .text.__swbuf_r
                0x00000000008048d4      0x140 c:/software/altera/18.1/nios2eds/bin/gnu/h-x86_64-mingw32/bin/../lib/gcc/nios2-elf/5.3.0/../../../../../H-x86_64-mingw32/nios2-elf/lib\libc.a(lib_a-wbuf.o)
                0x00000000008048d4                __swbuf_r
 .text.__swbuf  0x0000000000804a14       0x18 c:/software/altera/18.1/nios2eds/bin/gnu/h-x86_64-mingw32/bin/../lib/gcc/nios2-elf/5.3.0/../../../../../H-x86_64-mingw32/nios2-elf/lib\libc.a(lib_a-wbuf.o)
                0x0000000000804a14                __swbuf
 .text          0x0000000000804a2c        0x0 c:/software/altera/18.1/nios2eds/bin/gnu/h-x86_64-mingw32/bin/../lib/gcc/nios2-elf/5.3.0/../../../../../H-x86_64-mingw32/nios2-elf/lib\libc.a(lib_a-wsetup.o)
 .text.__swsetup_r
                0x0000000000804a2c      0x154 c:/software/altera/18.1/nios2eds/bin/gnu/h-x86_64-mingw32/bin/../lib/gcc/nios2-elf/5.3.0/../../../../../H-x86_64-mingw32/nios2-elf/lib\libc.a(lib_a-wsetup.o)
                0x0000000000804a2c                __swsetup_r
 .text          0x0000000000804b80        0x0 c:/software/altera/18.1/nios2eds/bin/gnu/h-x86_64-mingw32/bin/../lib/gcc/nios2-elf/5.3.0/../../../../../H-x86_64-mingw32/nios2-elf/lib\libc.a(lib_a-__atexit.o)
 .text.__register_exitproc
                0x0000000000804b80      0x118 c:/software/altera/18.1/nios2eds/bin/gnu/h-x86_64-mingw32/bin/../lib/gcc/nios2-elf/5.3.0/../../../../../H-x86_64-mingw32/nios2-elf/lib\libc.a(lib_a-__atexit.o)
                0x0000000000804b80                __register_exitproc
 .text          0x0000000000804c98        0x0 c:/software/altera/18.1/nios2eds/bin/gnu/h-x86_64-mingw32/bin/../lib/gcc/nios2-elf/5.3.0/../../../../../H-x86_64-mingw32/nios2-elf/lib\libc.a(lib_a-__call_atexit.o)
 .text.__call_exitprocs
                0x0000000000804c98      0x180 c:/software/altera/18.1/nios2eds/bin/gnu/h-x86_64-mingw32/bin/../lib/gcc/nios2-elf/5.3.0/../../../../../H-x86_64-mingw32/nios2-elf/lib\libc.a(lib_a-__call_atexit.o)
                0x0000000000804c98                __call_exitprocs
 .text          0x0000000000804e18        0x0 c:/software/altera/18.1/nios2eds/bin/gnu/h-x86_64-mingw32/bin/../lib/gcc/nios2-elf/5.3.0/../../../../../H-x86_64-mingw32/nios2-elf/lib\libc.a(lib_a-fflush.o)
 .text.__sflush_r
                0x0000000000804e18      0x21c c:/software/altera/18.1/nios2eds/bin/gnu/h-x86_64-mingw32/bin/../lib/gcc/nios2-elf/5.3.0/../../../../../H-x86_64-mingw32/nios2-elf/lib\libc.a(lib_a-fflush.o)
                0x0000000000804e18                __sflush_r
 .text._fflush_r
                0x0000000000805034       0x5c c:/software/altera/18.1/nios2eds/bin/gnu/h-x86_64-mingw32/bin/../lib/gcc/nios2-elf/5.3.0/../../../../../H-x86_64-mingw32/nios2-elf/lib\libc.a(lib_a-fflush.o)
                0x0000000000805034                _fflush_r
 .text.fflush   0x0000000000805090       0x30 c:/software/altera/18.1/nios2eds/bin/gnu/h-x86_64-mingw32/bin/../lib/gcc/nios2-elf/5.3.0/../../../../../H-x86_64-mingw32/nios2-elf/lib\libc.a(lib_a-fflush.o)
                0x0000000000805090                fflush
 .text          0x00000000008050c0        0x0 c:/software/altera/18.1/nios2eds/bin/gnu/h-x86_64-mingw32/bin/../lib/gcc/nios2-elf/5.3.0/../../../../../H-x86_64-mingw32/nios2-elf/lib\libc.a(lib_a-findfp.o)
 .text.__fp_unlock
                0x00000000008050c0        0x8 c:/software/altera/18.1/nios2eds/bin/gnu/h-x86_64-mingw32/bin/../lib/gcc/nios2-elf/5.3.0/../../../../../H-x86_64-mingw32/nios2-elf/lib\libc.a(lib_a-findfp.o)
 .text._cleanup_r
                0x00000000008050c8        0xc c:/software/altera/18.1/nios2eds/bin/gnu/h-x86_64-mingw32/bin/../lib/gcc/nios2-elf/5.3.0/../../../../../H-x86_64-mingw32/nios2-elf/lib\libc.a(lib_a-findfp.o)
                0x00000000008050c8                _cleanup_r
 .text.__sinit.part.1
                0x00000000008050d4      0x19c c:/software/altera/18.1/nios2eds/bin/gnu/h-x86_64-mingw32/bin/../lib/gcc/nios2-elf/5.3.0/../../../../../H-x86_64-mingw32/nios2-elf/lib\libc.a(lib_a-findfp.o)
 .text.__fp_lock
                0x0000000000805270        0x8 c:/software/altera/18.1/nios2eds/bin/gnu/h-x86_64-mingw32/bin/../lib/gcc/nios2-elf/5.3.0/../../../../../H-x86_64-mingw32/nios2-elf/lib\libc.a(lib_a-findfp.o)
 .text.__sfmoreglue
                0x0000000000805278       0x68 c:/software/altera/18.1/nios2eds/bin/gnu/h-x86_64-mingw32/bin/../lib/gcc/nios2-elf/5.3.0/../../../../../H-x86_64-mingw32/nios2-elf/lib\libc.a(lib_a-findfp.o)
                0x0000000000805278                __sfmoreglue
 .text.__sfp    0x00000000008052e0      0x118 c:/software/altera/18.1/nios2eds/bin/gnu/h-x86_64-mingw32/bin/../lib/gcc/nios2-elf/5.3.0/../../../../../H-x86_64-mingw32/nios2-elf/lib\libc.a(lib_a-findfp.o)
                0x00000000008052e0                __sfp
 .text._cleanup
                0x00000000008053f8       0x18 c:/software/altera/18.1/nios2eds/bin/gnu/h-x86_64-mingw32/bin/../lib/gcc/nios2-elf/5.3.0/../../../../../H-x86_64-mingw32/nios2-elf/lib\libc.a(lib_a-findfp.o)
                0x00000000008053f8                _cleanup
 .text.__sinit  0x0000000000805410       0x10 c:/software/altera/18.1/nios2eds/bin/gnu/h-x86_64-mingw32/bin/../lib/gcc/nios2-elf/5.3.0/../../../../../H-x86_64-mingw32/nios2-elf/lib\libc.a(lib_a-findfp.o)
                0x0000000000805410                __sinit
 .text.__sfp_lock_acquire
                0x0000000000805420        0x4 c:/software/altera/18.1/nios2eds/bin/gnu/h-x86_64-mingw32/bin/../lib/gcc/nios2-elf/5.3.0/../../../../../H-x86_64-mingw32/nios2-elf/lib\libc.a(lib_a-findfp.o)
                0x0000000000805420                __sfp_lock_acquire
 .text.__sfp_lock_release
                0x0000000000805424        0x4 c:/software/altera/18.1/nios2eds/bin/gnu/h-x86_64-mingw32/bin/../lib/gcc/nios2-elf/5.3.0/../../../../../H-x86_64-mingw32/nios2-elf/lib\libc.a(lib_a-findfp.o)
                0x0000000000805424                __sfp_lock_release
 .text.__sinit_lock_acquire
                0x0000000000805428        0x4 c:/software/altera/18.1/nios2eds/bin/gnu/h-x86_64-mingw32/bin/../lib/gcc/nios2-elf/5.3.0/../../../../../H-x86_64-mingw32/nios2-elf/lib\libc.a(lib_a-findfp.o)
                0x0000000000805428                __sinit_lock_acquire
 .text.__sinit_lock_release
                0x000000000080542c        0x4 c:/software/altera/18.1/nios2eds/bin/gnu/h-x86_64-mingw32/bin/../lib/gcc/nios2-elf/5.3.0/../../../../../H-x86_64-mingw32/nios2-elf/lib\libc.a(lib_a-findfp.o)
                0x000000000080542c                __sinit_lock_release
 .text.__fp_lock_all
                0x0000000000805430       0x18 c:/software/altera/18.1/nios2eds/bin/gnu/h-x86_64-mingw32/bin/../lib/gcc/nios2-elf/5.3.0/../../../../../H-x86_64-mingw32/nios2-elf/lib\libc.a(lib_a-findfp.o)
                0x0000000000805430                __fp_lock_all
 .text.__fp_unlock_all
                0x0000000000805448       0x18 c:/software/altera/18.1/nios2eds/bin/gnu/h-x86_64-mingw32/bin/../lib/gcc/nios2-elf/5.3.0/../../../../../H-x86_64-mingw32/nios2-elf/lib\libc.a(lib_a-findfp.o)
                0x0000000000805448                __fp_unlock_all
 .text          0x0000000000805460        0x0 c:/software/altera/18.1/nios2eds/bin/gnu/h-x86_64-mingw32/bin/../lib/gcc/nios2-elf/5.3.0/../../../../../H-x86_64-mingw32/nios2-elf/lib\libc.a(lib_a-freer.o)
 .text._malloc_trim_r
                0x0000000000805460      0x124 c:/software/altera/18.1/nios2eds/bin/gnu/h-x86_64-mingw32/bin/../lib/gcc/nios2-elf/5.3.0/../../../../../H-x86_64-mingw32/nios2-elf/lib\libc.a(lib_a-freer.o)
                0x0000000000805460                _malloc_trim_r
 .text._free_r  0x0000000000805584      0x310 c:/software/altera/18.1/nios2eds/bin/gnu/h-x86_64-mingw32/bin/../lib/gcc/nios2-elf/5.3.0/../../../../../H-x86_64-mingw32/nios2-elf/lib\libc.a(lib_a-freer.o)
                0x0000000000805584                _free_r
 .text          0x0000000000805894        0x0 c:/software/altera/18.1/nios2eds/bin/gnu/h-x86_64-mingw32/bin/../lib/gcc/nios2-elf/5.3.0/../../../../../H-x86_64-mingw32/nios2-elf/lib\libc.a(lib_a-fwalk.o)
 .text._fwalk   0x0000000000805894       0xc4 c:/software/altera/18.1/nios2eds/bin/gnu/h-x86_64-mingw32/bin/../lib/gcc/nios2-elf/5.3.0/../../../../../H-x86_64-mingw32/nios2-elf/lib\libc.a(lib_a-fwalk.o)
                0x0000000000805894                _fwalk
 .text._fwalk_reent
                0x0000000000805958       0xc4 c:/software/altera/18.1/nios2eds/bin/gnu/h-x86_64-mingw32/bin/../lib/gcc/nios2-elf/5.3.0/../../../../../H-x86_64-mingw32/nios2-elf/lib\libc.a(lib_a-fwalk.o)
                0x0000000000805958                _fwalk_reent
 .text          0x0000000000805a1c        0x0 c:/software/altera/18.1/nios2eds/bin/gnu/h-x86_64-mingw32/bin/../lib/gcc/nios2-elf/5.3.0/../../../../../H-x86_64-mingw32/nios2-elf/lib\libc.a(lib_a-makebuf.o)
 .text.__smakebuf_r
                0x0000000000805a1c      0x1bc c:/software/altera/18.1/nios2eds/bin/gnu/h-x86_64-mingw32/bin/../lib/gcc/nios2-elf/5.3.0/../../../../../H-x86_64-mingw32/nios2-elf/lib\libc.a(lib_a-makebuf.o)
                0x0000000000805a1c                __smakebuf_r
 .text          0x0000000000805bd8        0x0 c:/software/altera/18.1/nios2eds/bin/gnu/h-x86_64-mingw32/bin/../lib/gcc/nios2-elf/5.3.0/../../../../../H-x86_64-mingw32/nios2-elf/lib\libc.a(lib_a-mallocr.o)
 .text._malloc_r
                0x0000000000805bd8      0x80c c:/software/altera/18.1/nios2eds/bin/gnu/h-x86_64-mingw32/bin/../lib/gcc/nios2-elf/5.3.0/../../../../../H-x86_64-mingw32/nios2-elf/lib\libc.a(lib_a-mallocr.o)
                0x0000000000805bd8                _malloc_r
 .text          0x00000000008063e4        0x0 c:/software/altera/18.1/nios2eds/bin/gnu/h-x86_64-mingw32/bin/../lib/gcc/nios2-elf/5.3.0/../../../../../H-x86_64-mingw32/nios2-elf/lib\libc.a(lib_a-sbrkr.o)
 .text._sbrk_r  0x00000000008063e4       0x54 c:/software/altera/18.1/nios2eds/bin/gnu/h-x86_64-mingw32/bin/../lib/gcc/nios2-elf/5.3.0/../../../../../H-x86_64-mingw32/nios2-elf/lib\libc.a(lib_a-sbrkr.o)
                0x00000000008063e4                _sbrk_r
 .text          0x0000000000806438        0x0 c:/software/altera/18.1/nios2eds/bin/gnu/h-x86_64-mingw32/bin/../lib/gcc/nios2-elf/5.3.0/../../../../../H-x86_64-mingw32/nios2-elf/lib\libc.a(lib_a-stdio.o)
 .text.__sread  0x0000000000806438       0x54 c:/software/altera/18.1/nios2eds/bin/gnu/h-x86_64-mingw32/bin/../lib/gcc/nios2-elf/5.3.0/../../../../../H-x86_64-mingw32/nios2-elf/lib\libc.a(lib_a-stdio.o)
                0x0000000000806438                __sread
 .text.__seofread
                0x000000000080648c        0x8 c:/software/altera/18.1/nios2eds/bin/gnu/h-x86_64-mingw32/bin/../lib/gcc/nios2-elf/5.3.0/../../../../../H-x86_64-mingw32/nios2-elf/lib\libc.a(lib_a-stdio.o)
                0x000000000080648c                __seofread
 .text.__swrite
                0x0000000000806494       0x7c c:/software/altera/18.1/nios2eds/bin/gnu/h-x86_64-mingw32/bin/../lib/gcc/nios2-elf/5.3.0/../../../../../H-x86_64-mingw32/nios2-elf/lib\libc.a(lib_a-stdio.o)
                0x0000000000806494                __swrite
 .text.__sseek  0x0000000000806510       0x5c c:/software/altera/18.1/nios2eds/bin/gnu/h-x86_64-mingw32/bin/../lib/gcc/nios2-elf/5.3.0/../../../../../H-x86_64-mingw32/nios2-elf/lib\libc.a(lib_a-stdio.o)
                0x0000000000806510                __sseek
 .text.__sclose
                0x000000000080656c        0x8 c:/software/altera/18.1/nios2eds/bin/gnu/h-x86_64-mingw32/bin/../lib/gcc/nios2-elf/5.3.0/../../../../../H-x86_64-mingw32/nios2-elf/lib\libc.a(lib_a-stdio.o)
                0x000000000080656c                __sclose
 .text          0x0000000000806574        0x0 c:/software/altera/18.1/nios2eds/bin/gnu/h-x86_64-mingw32/bin/../lib/gcc/nios2-elf/5.3.0/../../../../../H-x86_64-mingw32/nios2-elf/lib\libc.a(lib_a-writer.o)
 .text._write_r
                0x0000000000806574       0x60 c:/software/altera/18.1/nios2eds/bin/gnu/h-x86_64-mingw32/bin/../lib/gcc/nios2-elf/5.3.0/../../../../../H-x86_64-mingw32/nios2-elf/lib\libc.a(lib_a-writer.o)
                0x0000000000806574                _write_r
 .text          0x00000000008065d4        0x0 c:/software/altera/18.1/nios2eds/bin/gnu/h-x86_64-mingw32/bin/../lib/gcc/nios2-elf/5.3.0/../../../../../H-x86_64-mingw32/nios2-elf/lib\libc.a(closer.o)
 .text._close_r
                0x00000000008065d4       0x54 c:/software/altera/18.1/nios2eds/bin/gnu/h-x86_64-mingw32/bin/../lib/gcc/nios2-elf/5.3.0/../../../../../H-x86_64-mingw32/nios2-elf/lib\libc.a(closer.o)
                0x00000000008065d4                _close_r
 .text          0x0000000000806628        0x0 c:/software/altera/18.1/nios2eds/bin/gnu/h-x86_64-mingw32/bin/../lib/gcc/nios2-elf/5.3.0/../../../../../H-x86_64-mingw32/nios2-elf/lib\libc.a(lib_a-fclose.o)
 .text._fclose_r
                0x0000000000806628       0xf0 c:/software/altera/18.1/nios2eds/bin/gnu/h-x86_64-mingw32/bin/../lib/gcc/nios2-elf/5.3.0/../../../../../H-x86_64-mingw32/nios2-elf/lib\libc.a(lib_a-fclose.o)
                0x0000000000806628                _fclose_r
 .text.fclose   0x0000000000806718       0x14 c:/software/altera/18.1/nios2eds/bin/gnu/h-x86_64-mingw32/bin/../lib/gcc/nios2-elf/5.3.0/../../../../../H-x86_64-mingw32/nios2-elf/lib\libc.a(lib_a-fclose.o)
                0x0000000000806718                fclose
 .text          0x000000000080672c        0x0 c:/software/altera/18.1/nios2eds/bin/gnu/h-x86_64-mingw32/bin/../lib/gcc/nios2-elf/5.3.0/../../../../../H-x86_64-mingw32/nios2-elf/lib\libc.a(lib_a-fstatr.o)
 .text._fstat_r
                0x000000000080672c       0x5c c:/software/altera/18.1/nios2eds/bin/gnu/h-x86_64-mingw32/bin/../lib/gcc/nios2-elf/5.3.0/../../../../../H-x86_64-mingw32/nios2-elf/lib\libc.a(lib_a-fstatr.o)
                0x000000000080672c                _fstat_r
 .text          0x0000000000806788        0x0 c:/software/altera/18.1/nios2eds/bin/gnu/h-x86_64-mingw32/bin/../lib/gcc/nios2-elf/5.3.0/../../../../../H-x86_64-mingw32/nios2-elf/lib\libc.a(lib_a-isattyr.o)
 .text._isatty_r
                0x0000000000806788       0x54 c:/software/altera/18.1/nios2eds/bin/gnu/h-x86_64-mingw32/bin/../lib/gcc/nios2-elf/5.3.0/../../../../../H-x86_64-mingw32/nios2-elf/lib\libc.a(lib_a-isattyr.o)
                0x0000000000806788                _isatty_r
 .text          0x00000000008067dc        0x0 c:/software/altera/18.1/nios2eds/bin/gnu/h-x86_64-mingw32/bin/../lib/gcc/nios2-elf/5.3.0/../../../../../H-x86_64-mingw32/nios2-elf/lib\libc.a(lib_a-lseekr.o)
 .text._lseek_r
                0x00000000008067dc       0x60 c:/software/altera/18.1/nios2eds/bin/gnu/h-x86_64-mingw32/bin/../lib/gcc/nios2-elf/5.3.0/../../../../../H-x86_64-mingw32/nios2-elf/lib\libc.a(lib_a-lseekr.o)
                0x00000000008067dc                _lseek_r
 .text          0x000000000080683c        0x0 c:/software/altera/18.1/nios2eds/bin/gnu/h-x86_64-mingw32/bin/../lib/gcc/nios2-elf/5.3.0/../../../../../H-x86_64-mingw32/nios2-elf/lib\libc.a(lib_a-readr.o)
 .text._read_r  0x000000000080683c       0x60 c:/software/altera/18.1/nios2eds/bin/gnu/h-x86_64-mingw32/bin/../lib/gcc/nios2-elf/5.3.0/../../../../../H-x86_64-mingw32/nios2-elf/lib\libc.a(lib_a-readr.o)
                0x000000000080683c                _read_r
 .text          0x000000000080689c      0x1b4 c:/software/altera/18.1/nios2eds/bin/gnu/h-x86_64-mingw32/bin/../lib/gcc/nios2-elf/5.3.0\libgcc.a(lib2-divmod.o)
                0x000000000080689c                __divsi3
                0x0000000000806920                __modsi3
                0x0000000000806994                __udivsi3
                0x00000000008069f8                __umodsi3
 .text          0x0000000000806a50       0x34 ../Lab2_LOOP_AUDIO_bsp/\libhal_bsp.a(alt_exit.o)
                0x0000000000806a50                _exit
 .text          0x0000000000806a84       0xec ../Lab2_LOOP_AUDIO_bsp/\libhal_bsp.a(alt_fstat.o)
                0x0000000000806ac0                fstat
 .text          0x0000000000806b70       0xe0 ../Lab2_LOOP_AUDIO_bsp/\libhal_bsp.a(alt_isatty.o)
                0x0000000000806bac                isatty
 .text          0x0000000000806c50      0x110 ../Lab2_LOOP_AUDIO_bsp/\libhal_bsp.a(alt_lseek.o)
                0x0000000000806c8c                lseek
 .text          0x0000000000806d60       0x48 ../Lab2_LOOP_AUDIO_bsp/\libhal_bsp.a(alt_malloc_lock.o)
                0x0000000000806d60                __malloc_lock
                0x0000000000806d84                __malloc_unlock
 .text          0x0000000000806da8      0x138 ../Lab2_LOOP_AUDIO_bsp/\libhal_bsp.a(alt_read.o)
                0x0000000000806de4                read
 .text          0x0000000000806ee0       0xb0 ../Lab2_LOOP_AUDIO_bsp/\libhal_bsp.a(alt_sbrk.o)
                0x0000000000806ee0                sbrk
 .text          0x0000000000806f90      0x134 ../Lab2_LOOP_AUDIO_bsp/\libhal_bsp.a(alt_write.o)
                0x0000000000806fcc                write
 *(.gnu.warning.*)
 *(.fini)
                [!provide]                        PROVIDE (__etext, ABSOLUTE (.))
                [!provide]                        PROVIDE (_etext, ABSOLUTE (.))
                [!provide]                        PROVIDE (etext, ABSOLUTE (.))
 *(.eh_frame_hdr)
                0x00000000008070c4                . = ALIGN (0x4)
                [!provide]                        PROVIDE (__preinit_array_start, ABSOLUTE (.))
 *(.preinit_array)
                [!provide]                        PROVIDE (__preinit_array_end, ABSOLUTE (.))
                [!provide]                        PROVIDE (__init_array_start, ABSOLUTE (.))
 *(.init_array)
                [!provide]                        PROVIDE (__init_array_end, ABSOLUTE (.))
                [!provide]                        PROVIDE (__fini_array_start, ABSOLUTE (.))
 *(.fini_array)
                [!provide]                        PROVIDE (__fini_array_end, ABSOLUTE (.))
 *(.eh_frame)
 *(.gcc_except_table .gcc_except_table.*)
 *(.dynamic)
                0x00000000008070c4                PROVIDE (__CTOR_LIST__, ABSOLUTE (.))
 *(.ctors)
 *(SORT(.ctors.*))
                0x00000000008070c4                PROVIDE (__CTOR_END__, ABSOLUTE (.))
                0x00000000008070c4                PROVIDE (__DTOR_LIST__, ABSOLUTE (.))
 *(.dtors)
 *(SORT(.dtors.*))
                0x00000000008070c4                PROVIDE (__DTOR_END__, ABSOLUTE (.))
 *(.jcr)
                0x00000000008070c4                . = ALIGN (0x4)

.rodata         0x00000000008070c4      0x348
                0x00000000008070c4                PROVIDE (__ram_rodata_start, ABSOLUTE (.))
                0x00000000008070c4                . = ALIGN (0x4)
 *(.rodata .rodata.* .gnu.linkonce.r.*)
 .rodata        0x00000000008070c4       0x4a obj/default/LOOP_AUDIO.o
 *fill*         0x000000000080710e        0x2 
 .rodata        0x0000000000807110       0x11 ../Lab2_LOOP_AUDIO_bsp/\libhal_bsp.a(alt_main.o)
 *fill*         0x0000000000807121        0x3 
 .rodata        0x0000000000807124       0x57 ../Lab2_LOOP_AUDIO_bsp/\libhal_bsp.a(alt_sys_init.o)
 *fill*         0x000000000080717b        0x1 
 .rodata        0x000000000080717c        0xa ../Lab2_LOOP_AUDIO_bsp/\libhal_bsp.a(alt_dev.o)
 .rodata._ctype_
                0x0000000000807186      0x101 c:/software/altera/18.1/nios2eds/bin/gnu/h-x86_64-mingw32/bin/../lib/gcc/nios2-elf/5.3.0/../../../../../H-x86_64-mingw32/nios2-elf/lib\libc.a(lib_a-ctype_.o)
                0x0000000000807186                _ctype_
 .rodata._ctype_b
                0x0000000000807287      0x180 c:/software/altera/18.1/nios2eds/bin/gnu/h-x86_64-mingw32/bin/../lib/gcc/nios2-elf/5.3.0/../../../../../H-x86_64-mingw32/nios2-elf/lib\libc.a(lib_a-ctype_.o)
 *fill*         0x0000000000807407        0x1 
 .rodata.str1.4
                0x0000000000807408        0x4 c:/software/altera/18.1/nios2eds/bin/gnu/h-x86_64-mingw32/bin/../lib/gcc/nios2-elf/5.3.0/../../../../../H-x86_64-mingw32/nios2-elf/lib\libc.a(lib_a-impure.o)
                                          0x2 (size before relaxing)
 *(.rodata1)
                0x000000000080740c                . = ALIGN (0x4)
                0x000000000080740c                PROVIDE (__ram_rodata_end, ABSOLUTE (.))
                0x00000000008070c4                PROVIDE (__flash_rodata_start, LOADADDR (.rodata))

.rwdata         0x000000000080740c     0x1cb8 load address 0x00000000008090c4
                0x000000000080740c                PROVIDE (__ram_rwdata_start, ABSOLUTE (.))
                0x000000000080740c                . = ALIGN (0x4)
 *(.got.plt)
 *(.got)
 *(.data1)
 *(.data .data.* .gnu.linkonce.d.*)
 .data          0x000000000080740c        0x0 ../Lab2_LOOP_AUDIO_bsp//obj/HAL/src/crt0.o
 .data          0x000000000080740c        0x0 obj/default/LOOP_AUDIO.o
 .data          0x000000000080740c        0x0 obj/default/hello_world.o
 .data          0x000000000080740c        0x0 ../Lab2_LOOP_AUDIO_bsp/\libhal_bsp.a(alt_load.o)
 .data          0x000000000080740c        0x0 ../Lab2_LOOP_AUDIO_bsp/\libhal_bsp.a(alt_main.o)
 .data          0x000000000080740c        0x0 ../Lab2_LOOP_AUDIO_bsp/\libhal_bsp.a(alt_printf.o)
 .data          0x000000000080740c        0x0 ../Lab2_LOOP_AUDIO_bsp/\libhal_bsp.a(alt_putchar.o)
 .data          0x000000000080740c     0x12a4 ../Lab2_LOOP_AUDIO_bsp/\libhal_bsp.a(alt_sys_init.o)
 .data          0x00000000008086b0        0x0 ../Lab2_LOOP_AUDIO_bsp/\libhal_bsp.a(altera_avalon_jtag_uart_fd.o)
 .data          0x00000000008086b0        0x0 ../Lab2_LOOP_AUDIO_bsp/\libhal_bsp.a(altera_avalon_jtag_uart_init.o)
 .data          0x00000000008086b0        0x0 ../Lab2_LOOP_AUDIO_bsp/\libhal_bsp.a(altera_avalon_jtag_uart_ioctl.o)
 .data          0x00000000008086b0        0x0 ../Lab2_LOOP_AUDIO_bsp/\libhal_bsp.a(altera_avalon_jtag_uart_read.o)
 .data          0x00000000008086b0        0x0 ../Lab2_LOOP_AUDIO_bsp/\libhal_bsp.a(altera_avalon_jtag_uart_write.o)
 .data          0x00000000008086b0        0x0 ../Lab2_LOOP_AUDIO_bsp/\libhal_bsp.a(altera_avalon_lcd_16207.o)
 .data          0x00000000008086b0        0x0 ../Lab2_LOOP_AUDIO_bsp/\libhal_bsp.a(altera_avalon_lcd_16207_fd.o)
 .data          0x00000000008086b0        0x0 ../Lab2_LOOP_AUDIO_bsp/\libhal_bsp.a(altera_avalon_timer_sc.o)
 .data          0x00000000008086b0        0x0 ../Lab2_LOOP_AUDIO_bsp/\libhal_bsp.a(altera_avalon_uart_fd.o)
 .data          0x00000000008086b0        0x0 ../Lab2_LOOP_AUDIO_bsp/\libhal_bsp.a(altera_avalon_uart_init.o)
 .data          0x00000000008086b0        0x0 ../Lab2_LOOP_AUDIO_bsp/\libhal_bsp.a(altera_avalon_uart_read.o)
 .data          0x00000000008086b0        0x0 ../Lab2_LOOP_AUDIO_bsp/\libhal_bsp.a(altera_avalon_uart_write.o)
 .data          0x00000000008086b0        0x0 ../Lab2_LOOP_AUDIO_bsp/\libhal_bsp.a(altera_up_avalon_audio.o)
 .data          0x00000000008086b0        0x0 ../Lab2_LOOP_AUDIO_bsp/\libhal_bsp.a(alt_alarm_start.o)
 .data          0x00000000008086b0        0x0 ../Lab2_LOOP_AUDIO_bsp/\libhal_bsp.a(alt_close.o)
 .data          0x00000000008086b0        0x0 ../Lab2_LOOP_AUDIO_bsp/\libhal_bsp.a(alt_dcache_flush_all.o)
 .data          0x00000000008086b0      0x1a8 ../Lab2_LOOP_AUDIO_bsp/\libhal_bsp.a(alt_dev.o)
                0x00000000008086b0                alt_dev_null
                0x00000000008086d8                alt_fd_list
 .data          0x0000000000808858        0x0 ../Lab2_LOOP_AUDIO_bsp/\libhal_bsp.a(alt_dev_llist_insert.o)
 .data          0x0000000000808858        0x0 ../Lab2_LOOP_AUDIO_bsp/\libhal_bsp.a(alt_do_ctors.o)
 .data          0x0000000000808858        0x0 ../Lab2_LOOP_AUDIO_bsp/\libhal_bsp.a(alt_do_dtors.o)
 .data          0x0000000000808858        0x0 ../Lab2_LOOP_AUDIO_bsp/\libhal_bsp.a(alt_errno.o)
 .data          0x0000000000808858        0x0 ../Lab2_LOOP_AUDIO_bsp/\libhal_bsp.a(alt_find_dev.o)
 .data          0x0000000000808858        0x0 ../Lab2_LOOP_AUDIO_bsp/\libhal_bsp.a(alt_icache_flush_all.o)
 .data          0x0000000000808858        0x0 ../Lab2_LOOP_AUDIO_bsp/\libhal_bsp.a(alt_io_redirect.o)
 .data          0x0000000000808858        0x0 ../Lab2_LOOP_AUDIO_bsp/\libhal_bsp.a(alt_irq_register.o)
 .data          0x0000000000808858        0x0 ../Lab2_LOOP_AUDIO_bsp/\libhal_bsp.a(alt_irq_vars.o)
 .data          0x0000000000808858        0x0 ../Lab2_LOOP_AUDIO_bsp/\libhal_bsp.a(alt_open.o)
 .data          0x0000000000808858        0x0 ../Lab2_LOOP_AUDIO_bsp/\libhal_bsp.a(alt_release_fd.o)
 .data          0x0000000000808858        0x0 ../Lab2_LOOP_AUDIO_bsp/\libhal_bsp.a(alt_tick.o)
 .data          0x0000000000808858        0x0 ../Lab2_LOOP_AUDIO_bsp/\libhal_bsp.a(alt_usleep.o)
 .data          0x0000000000808858        0x0 ../Lab2_LOOP_AUDIO_bsp/\libhal_bsp.a(altera_nios2_gen2_irq.o)
 .data          0x0000000000808858        0x0 ../Lab2_LOOP_AUDIO_bsp/\libhal_bsp.a(alt_busy_sleep.o)
 .data          0x0000000000808858        0x0 ../Lab2_LOOP_AUDIO_bsp/\libhal_bsp.a(alt_find_file.o)
 .data          0x0000000000808858        0x0 ../Lab2_LOOP_AUDIO_bsp/\libhal_bsp.a(alt_get_fd.o)
 .data          0x0000000000808858        0x0 ../Lab2_LOOP_AUDIO_bsp/\libhal_bsp.a(alt_icache_flush.o)
 .data          0x0000000000808858        0x0 ../Lab2_LOOP_AUDIO_bsp/\libhal_bsp.a(alt_irq_entry.o)
 .data          0x0000000000808858        0x0 ../Lab2_LOOP_AUDIO_bsp/\libhal_bsp.a(alt_irq_handler.o)
 .data          0x0000000000808858        0x0 ../Lab2_LOOP_AUDIO_bsp/\libhal_bsp.a(alt_exception_entry.o)
 .data          0x0000000000808858        0x0 ../Lab2_LOOP_AUDIO_bsp/\libhal_bsp.a(alt_instruction_exception_entry.o)
 .data          0x0000000000808858        0x0 c:/software/altera/18.1/nios2eds/bin/gnu/h-x86_64-mingw32/bin/../lib/gcc/nios2-elf/5.3.0/../../../../../H-x86_64-mingw32/nios2-elf/lib\libc.a(lib_a-atexit.o)
 .data          0x0000000000808858        0x0 c:/software/altera/18.1/nios2eds/bin/gnu/h-x86_64-mingw32/bin/../lib/gcc/nios2-elf/5.3.0/../../../../../H-x86_64-mingw32/nios2-elf/lib\libc.a(lib_a-ctype_.o)
 .data          0x0000000000808858        0x0 c:/software/altera/18.1/nios2eds/bin/gnu/h-x86_64-mingw32/bin/../lib/gcc/nios2-elf/5.3.0/../../../../../H-x86_64-mingw32/nios2-elf/lib\libc.a(lib_a-exit.o)
 .data          0x0000000000808858        0x0 c:/software/altera/18.1/nios2eds/bin/gnu/h-x86_64-mingw32/bin/../lib/gcc/nios2-elf/5.3.0/../../../../../H-x86_64-mingw32/nios2-elf/lib\libc.a(lib_a-impure.o)
 .data.impure_data
                0x0000000000808858      0x424 c:/software/altera/18.1/nios2eds/bin/gnu/h-x86_64-mingw32/bin/../lib/gcc/nios2-elf/5.3.0/../../../../../H-x86_64-mingw32/nios2-elf/lib\libc.a(lib_a-impure.o)
 .data          0x0000000000808c7c        0x0 c:/software/altera/18.1/nios2eds/bin/gnu/h-x86_64-mingw32/bin/../lib/gcc/nios2-elf/5.3.0/../../../../../H-x86_64-mingw32/nios2-elf/lib\libc.a(lib_a-int_errno.o)
 .data          0x0000000000808c7c        0x0 c:/software/altera/18.1/nios2eds/bin/gnu/h-x86_64-mingw32/bin/../lib/gcc/nios2-elf/5.3.0/../../../../../H-x86_64-mingw32/nios2-elf/lib\libc.a(lib_a-memcmp.o)
 .data          0x0000000000808c7c        0x0 c:/software/altera/18.1/nios2eds/bin/gnu/h-x86_64-mingw32/bin/../lib/gcc/nios2-elf/5.3.0/../../../../../H-x86_64-mingw32/nios2-elf/lib\libc.a(lib_a-memcpy.o)
 .data          0x0000000000808c7c        0x0 c:/software/altera/18.1/nios2eds/bin/gnu/h-x86_64-mingw32/bin/../lib/gcc/nios2-elf/5.3.0/../../../../../H-x86_64-mingw32/nios2-elf/lib\libc.a(lib_a-memset.o)
 .data          0x0000000000808c7c        0x0 c:/software/altera/18.1/nios2eds/bin/gnu/h-x86_64-mingw32/bin/../lib/gcc/nios2-elf/5.3.0/../../../../../H-x86_64-mingw32/nios2-elf/lib\libc.a(lib_a-putc.o)
 .data          0x0000000000808c7c        0x0 c:/software/altera/18.1/nios2eds/bin/gnu/h-x86_64-mingw32/bin/../lib/gcc/nios2-elf/5.3.0/../../../../../H-x86_64-mingw32/nios2-elf/lib\libc.a(lib_a-strlen.o)
 .data          0x0000000000808c7c        0x0 c:/software/altera/18.1/nios2eds/bin/gnu/h-x86_64-mingw32/bin/../lib/gcc/nios2-elf/5.3.0/../../../../../H-x86_64-mingw32/nios2-elf/lib\libc.a(lib_a-wbuf.o)
 .data          0x0000000000808c7c        0x0 c:/software/altera/18.1/nios2eds/bin/gnu/h-x86_64-mingw32/bin/../lib/gcc/nios2-elf/5.3.0/../../../../../H-x86_64-mingw32/nios2-elf/lib\libc.a(lib_a-wsetup.o)
 .data          0x0000000000808c7c        0x0 c:/software/altera/18.1/nios2eds/bin/gnu/h-x86_64-mingw32/bin/../lib/gcc/nios2-elf/5.3.0/../../../../../H-x86_64-mingw32/nios2-elf/lib\libc.a(lib_a-__atexit.o)
 .data          0x0000000000808c7c        0x0 c:/software/altera/18.1/nios2eds/bin/gnu/h-x86_64-mingw32/bin/../lib/gcc/nios2-elf/5.3.0/../../../../../H-x86_64-mingw32/nios2-elf/lib\libc.a(lib_a-__call_atexit.o)
 .data          0x0000000000808c7c        0x0 c:/software/altera/18.1/nios2eds/bin/gnu/h-x86_64-mingw32/bin/../lib/gcc/nios2-elf/5.3.0/../../../../../H-x86_64-mingw32/nios2-elf/lib\libc.a(lib_a-fflush.o)
 .data          0x0000000000808c7c        0x0 c:/software/altera/18.1/nios2eds/bin/gnu/h-x86_64-mingw32/bin/../lib/gcc/nios2-elf/5.3.0/../../../../../H-x86_64-mingw32/nios2-elf/lib\libc.a(lib_a-findfp.o)
 .data          0x0000000000808c7c        0x0 c:/software/altera/18.1/nios2eds/bin/gnu/h-x86_64-mingw32/bin/../lib/gcc/nios2-elf/5.3.0/../../../../../H-x86_64-mingw32/nios2-elf/lib\libc.a(lib_a-freer.o)
 .data          0x0000000000808c7c        0x0 c:/software/altera/18.1/nios2eds/bin/gnu/h-x86_64-mingw32/bin/../lib/gcc/nios2-elf/5.3.0/../../../../../H-x86_64-mingw32/nios2-elf/lib\libc.a(lib_a-fwalk.o)
 .data          0x0000000000808c7c        0x0 c:/software/altera/18.1/nios2eds/bin/gnu/h-x86_64-mingw32/bin/../lib/gcc/nios2-elf/5.3.0/../../../../../H-x86_64-mingw32/nios2-elf/lib\libc.a(lib_a-makebuf.o)
 .data          0x0000000000808c7c        0x0 c:/software/altera/18.1/nios2eds/bin/gnu/h-x86_64-mingw32/bin/../lib/gcc/nios2-elf/5.3.0/../../../../../H-x86_64-mingw32/nios2-elf/lib\libc.a(lib_a-mallocr.o)
 .data.__malloc_av_
                0x0000000000808c7c      0x408 c:/software/altera/18.1/nios2eds/bin/gnu/h-x86_64-mingw32/bin/../lib/gcc/nios2-elf/5.3.0/../../../../../H-x86_64-mingw32/nios2-elf/lib\libc.a(lib_a-mallocr.o)
                0x0000000000808c7c                __malloc_av_
 .data          0x0000000000809084        0x0 c:/software/altera/18.1/nios2eds/bin/gnu/h-x86_64-mingw32/bin/../lib/gcc/nios2-elf/5.3.0/../../../../../H-x86_64-mingw32/nios2-elf/lib\libc.a(lib_a-sbrkr.o)
 .data          0x0000000000809084        0x0 c:/software/altera/18.1/nios2eds/bin/gnu/h-x86_64-mingw32/bin/../lib/gcc/nios2-elf/5.3.0/../../../../../H-x86_64-mingw32/nios2-elf/lib\libc.a(lib_a-stdio.o)
 .data          0x0000000000809084        0x0 c:/software/altera/18.1/nios2eds/bin/gnu/h-x86_64-mingw32/bin/../lib/gcc/nios2-elf/5.3.0/../../../../../H-x86_64-mingw32/nios2-elf/lib\libc.a(lib_a-writer.o)
 .data          0x0000000000809084        0x0 c:/software/altera/18.1/nios2eds/bin/gnu/h-x86_64-mingw32/bin/../lib/gcc/nios2-elf/5.3.0/../../../../../H-x86_64-mingw32/nios2-elf/lib\libc.a(closer.o)
 .data          0x0000000000809084        0x0 c:/software/altera/18.1/nios2eds/bin/gnu/h-x86_64-mingw32/bin/../lib/gcc/nios2-elf/5.3.0/../../../../../H-x86_64-mingw32/nios2-elf/lib\libc.a(lib_a-fclose.o)
 .data          0x0000000000809084        0x0 c:/software/altera/18.1/nios2eds/bin/gnu/h-x86_64-mingw32/bin/../lib/gcc/nios2-elf/5.3.0/../../../../../H-x86_64-mingw32/nios2-elf/lib\libc.a(lib_a-fstatr.o)
 .data          0x0000000000809084        0x0 c:/software/altera/18.1/nios2eds/bin/gnu/h-x86_64-mingw32/bin/../lib/gcc/nios2-elf/5.3.0/../../../../../H-x86_64-mingw32/nios2-elf/lib\libc.a(lib_a-isattyr.o)
 .data          0x0000000000809084        0x0 c:/software/altera/18.1/nios2eds/bin/gnu/h-x86_64-mingw32/bin/../lib/gcc/nios2-elf/5.3.0/../../../../../H-x86_64-mingw32/nios2-elf/lib\libc.a(lib_a-lseekr.o)
 .data          0x0000000000809084        0x0 c:/software/altera/18.1/nios2eds/bin/gnu/h-x86_64-mingw32/bin/../lib/gcc/nios2-elf/5.3.0/../../../../../H-x86_64-mingw32/nios2-elf/lib\libc.a(lib_a-readr.o)
 .data          0x0000000000809084        0x0 c:/software/altera/18.1/nios2eds/bin/gnu/h-x86_64-mingw32/bin/../lib/gcc/nios2-elf/5.3.0\libgcc.a(lib2-divmod.o)
 .data          0x0000000000809084        0x0 ../Lab2_LOOP_AUDIO_bsp/\libhal_bsp.a(alt_exit.o)
 .data          0x0000000000809084        0x0 ../Lab2_LOOP_AUDIO_bsp/\libhal_bsp.a(alt_fstat.o)
 .data          0x0000000000809084        0x0 ../Lab2_LOOP_AUDIO_bsp/\libhal_bsp.a(alt_isatty.o)
 .data          0x0000000000809084        0x0 ../Lab2_LOOP_AUDIO_bsp/\libhal_bsp.a(alt_lseek.o)
 .data          0x0000000000809084        0x0 ../Lab2_LOOP_AUDIO_bsp/\libhal_bsp.a(alt_malloc_lock.o)
 .data          0x0000000000809084        0x0 ../Lab2_LOOP_AUDIO_bsp/\libhal_bsp.a(alt_read.o)
 .data          0x0000000000809084        0x0 ../Lab2_LOOP_AUDIO_bsp/\libhal_bsp.a(alt_sbrk.o)
 .data          0x0000000000809084        0x0 ../Lab2_LOOP_AUDIO_bsp/\libhal_bsp.a(alt_write.o)
                0x0000000000811084                _gp = ABSOLUTE ((. + 0x8000))
                [!provide]                        PROVIDE (gp, _gp)
 *(.rwdata .rwdata.*)
 *(.sdata .sdata.* .gnu.linkonce.s.*)
 .sdata         0x0000000000809084        0x4 ../Lab2_LOOP_AUDIO_bsp/\libhal_bsp.a(altera_avalon_lcd_16207.o)
 .sdata         0x0000000000809088       0x14 ../Lab2_LOOP_AUDIO_bsp/\libhal_bsp.a(alt_dev.o)
                0x0000000000809088                alt_fs_list
                0x0000000000809090                alt_dev_list
                0x0000000000809098                alt_max_fd
 .sdata         0x000000000080909c        0x4 ../Lab2_LOOP_AUDIO_bsp/\libhal_bsp.a(alt_errno.o)
                0x000000000080909c                alt_errno
 .sdata         0x00000000008090a0        0x4 ../Lab2_LOOP_AUDIO_bsp/\libhal_bsp.a(alt_irq_vars.o)
                0x00000000008090a0                alt_priority_mask
 .sdata         0x00000000008090a4        0x8 ../Lab2_LOOP_AUDIO_bsp/\libhal_bsp.a(alt_tick.o)
                0x00000000008090a4                alt_alarm_list
 .sdata.__ctype_ptr__
                0x00000000008090ac        0x4 c:/software/altera/18.1/nios2eds/bin/gnu/h-x86_64-mingw32/bin/../lib/gcc/nios2-elf/5.3.0/../../../../../H-x86_64-mingw32/nios2-elf/lib\libc.a(lib_a-ctype_.o)
                0x00000000008090ac                __ctype_ptr__
 .sdata._global_impure_ptr
                0x00000000008090b0        0x4 c:/software/altera/18.1/nios2eds/bin/gnu/h-x86_64-mingw32/bin/../lib/gcc/nios2-elf/5.3.0/../../../../../H-x86_64-mingw32/nios2-elf/lib\libc.a(lib_a-impure.o)
                0x00000000008090b0                _global_impure_ptr
 .sdata._impure_ptr
                0x00000000008090b4        0x4 c:/software/altera/18.1/nios2eds/bin/gnu/h-x86_64-mingw32/bin/../lib/gcc/nios2-elf/5.3.0/../../../../../H-x86_64-mingw32/nios2-elf/lib\libc.a(lib_a-impure.o)
                0x00000000008090b4                _impure_ptr
 .sdata.__malloc_sbrk_base
                0x00000000008090b8        0x4 c:/software/altera/18.1/nios2eds/bin/gnu/h-x86_64-mingw32/bin/../lib/gcc/nios2-elf/5.3.0/../../../../../H-x86_64-mingw32/nios2-elf/lib\libc.a(lib_a-mallocr.o)
                0x00000000008090b8                __malloc_sbrk_base
 .sdata.__malloc_trim_threshold
                0x00000000008090bc        0x4 c:/software/altera/18.1/nios2eds/bin/gnu/h-x86_64-mingw32/bin/../lib/gcc/nios2-elf/5.3.0/../../../../../H-x86_64-mingw32/nios2-elf/lib\libc.a(lib_a-mallocr.o)
                0x00000000008090bc                __malloc_trim_threshold
 .sdata         0x00000000008090c0        0x4 ../Lab2_LOOP_AUDIO_bsp/\libhal_bsp.a(alt_sbrk.o)
 *(.sdata2 .sdata2.* .gnu.linkonce.s2.*)
                0x00000000008090c4                . = ALIGN (0x4)
                0x00000000008090c4                _edata = ABSOLUTE (.)
                [!provide]                        PROVIDE (edata, ABSOLUTE (.))
                0x00000000008090c4                PROVIDE (__ram_rwdata_end, ABSOLUTE (.))
                0x00000000008090c4                PROVIDE (__flash_rwdata_start, LOADADDR (.rwdata))

.bss            0x000000000080ad7c      0x154
                0x000000000080ad7c                __bss_start = ABSOLUTE (.)
                [!provide]                        PROVIDE (__sbss_start, ABSOLUTE (.))
                [!provide]                        PROVIDE (___sbss_start, ABSOLUTE (.))
 *(.dynsbss)
 *(.sbss .sbss.* .gnu.linkonce.sb.*)
 .sbss          0x000000000080ad7c        0xc ../Lab2_LOOP_AUDIO_bsp/\libhal_bsp.a(alt_main.o)
                0x000000000080ad7c                alt_argc
                0x000000000080ad80                alt_argv
                0x000000000080ad84                alt_envp
 .sbss          0x000000000080ad88        0x4 ../Lab2_LOOP_AUDIO_bsp/\libhal_bsp.a(alt_irq_vars.o)
                0x000000000080ad88                alt_irq_active
 .sbss          0x000000000080ad8c        0x8 ../Lab2_LOOP_AUDIO_bsp/\libhal_bsp.a(alt_tick.o)
                0x000000000080ad8c                _alt_tick_rate
                0x000000000080ad90                _alt_nticks
 .sbss          0x000000000080ad94        0x4 ../Lab2_LOOP_AUDIO_bsp/\libhal_bsp.a(alt_instruction_exception_entry.o)
                0x000000000080ad94                alt_instruction_exception_handler
 .sbss          0x000000000080ad98        0x4 c:/software/altera/18.1/nios2eds/bin/gnu/h-x86_64-mingw32/bin/../lib/gcc/nios2-elf/5.3.0/../../../../../H-x86_64-mingw32/nios2-elf/lib\libc.a(lib_a-int_errno.o)
                0x000000000080ad98                errno
 .sbss.__malloc_max_total_mem
                0x000000000080ad9c        0x4 c:/software/altera/18.1/nios2eds/bin/gnu/h-x86_64-mingw32/bin/../lib/gcc/nios2-elf/5.3.0/../../../../../H-x86_64-mingw32/nios2-elf/lib\libc.a(lib_a-mallocr.o)
                0x000000000080ad9c                __malloc_max_total_mem
 .sbss.__malloc_max_sbrked_mem
                0x000000000080ada0        0x4 c:/software/altera/18.1/nios2eds/bin/gnu/h-x86_64-mingw32/bin/../lib/gcc/nios2-elf/5.3.0/../../../../../H-x86_64-mingw32/nios2-elf/lib\libc.a(lib_a-mallocr.o)
                0x000000000080ada0                __malloc_max_sbrked_mem
 .sbss.__malloc_top_pad
                0x000000000080ada4        0x4 c:/software/altera/18.1/nios2eds/bin/gnu/h-x86_64-mingw32/bin/../lib/gcc/nios2-elf/5.3.0/../../../../../H-x86_64-mingw32/nios2-elf/lib\libc.a(lib_a-mallocr.o)
                0x000000000080ada4                __malloc_top_pad
 *(.sbss2 .sbss2.* .gnu.linkonce.sb2.*)
 *(.scommon)
                [!provide]                        PROVIDE (__sbss_end, ABSOLUTE (.))
                [!provide]                        PROVIDE (___sbss_end, ABSOLUTE (.))
 *(.dynbss)
 *(.bss .bss.* .gnu.linkonce.b.*)
 .bss           0x000000000080ada8        0x0 ../Lab2_LOOP_AUDIO_bsp//obj/HAL/src/crt0.o
 .bss           0x000000000080ada8        0x0 obj/default/LOOP_AUDIO.o
 .bss           0x000000000080ada8        0x0 obj/default/hello_world.o
 .bss           0x000000000080ada8        0x0 ../Lab2_LOOP_AUDIO_bsp/\libhal_bsp.a(alt_load.o)
 .bss           0x000000000080ada8        0x0 ../Lab2_LOOP_AUDIO_bsp/\libhal_bsp.a(alt_main.o)
 .bss           0x000000000080ada8        0x0 ../Lab2_LOOP_AUDIO_bsp/\libhal_bsp.a(alt_printf.o)
 .bss           0x000000000080ada8        0x0 ../Lab2_LOOP_AUDIO_bsp/\libhal_bsp.a(alt_putchar.o)
 .bss           0x000000000080ada8        0x0 ../Lab2_LOOP_AUDIO_bsp/\libhal_bsp.a(alt_sys_init.o)
 .bss           0x000000000080ada8        0x0 ../Lab2_LOOP_AUDIO_bsp/\libhal_bsp.a(altera_avalon_jtag_uart_fd.o)
 .bss           0x000000000080ada8        0x0 ../Lab2_LOOP_AUDIO_bsp/\libhal_bsp.a(altera_avalon_jtag_uart_init.o)
 .bss           0x000000000080ada8        0x0 ../Lab2_LOOP_AUDIO_bsp/\libhal_bsp.a(altera_avalon_jtag_uart_ioctl.o)
 .bss           0x000000000080ada8        0x0 ../Lab2_LOOP_AUDIO_bsp/\libhal_bsp.a(altera_avalon_jtag_uart_read.o)
 .bss           0x000000000080ada8        0x0 ../Lab2_LOOP_AUDIO_bsp/\libhal_bsp.a(altera_avalon_jtag_uart_write.o)
 .bss           0x000000000080ada8        0x0 ../Lab2_LOOP_AUDIO_bsp/\libhal_bsp.a(altera_avalon_lcd_16207.o)
 .bss           0x000000000080ada8        0x0 ../Lab2_LOOP_AUDIO_bsp/\libhal_bsp.a(altera_avalon_lcd_16207_fd.o)
 .bss           0x000000000080ada8        0x0 ../Lab2_LOOP_AUDIO_bsp/\libhal_bsp.a(altera_avalon_timer_sc.o)
 .bss           0x000000000080ada8        0x0 ../Lab2_LOOP_AUDIO_bsp/\libhal_bsp.a(altera_avalon_uart_fd.o)
 .bss           0x000000000080ada8        0x0 ../Lab2_LOOP_AUDIO_bsp/\libhal_bsp.a(altera_avalon_uart_init.o)
 .bss           0x000000000080ada8        0x0 ../Lab2_LOOP_AUDIO_bsp/\libhal_bsp.a(altera_avalon_uart_read.o)
 .bss           0x000000000080ada8        0x0 ../Lab2_LOOP_AUDIO_bsp/\libhal_bsp.a(altera_avalon_uart_write.o)
 .bss           0x000000000080ada8        0x0 ../Lab2_LOOP_AUDIO_bsp/\libhal_bsp.a(altera_up_avalon_audio.o)
 .bss           0x000000000080ada8        0x0 ../Lab2_LOOP_AUDIO_bsp/\libhal_bsp.a(alt_alarm_start.o)
 .bss           0x000000000080ada8        0x0 ../Lab2_LOOP_AUDIO_bsp/\libhal_bsp.a(alt_close.o)
 .bss           0x000000000080ada8        0x0 ../Lab2_LOOP_AUDIO_bsp/\libhal_bsp.a(alt_dcache_flush_all.o)
 .bss           0x000000000080ada8        0x0 ../Lab2_LOOP_AUDIO_bsp/\libhal_bsp.a(alt_dev.o)
 .bss           0x000000000080ada8        0x0 ../Lab2_LOOP_AUDIO_bsp/\libhal_bsp.a(alt_dev_llist_insert.o)
 .bss           0x000000000080ada8        0x0 ../Lab2_LOOP_AUDIO_bsp/\libhal_bsp.a(alt_do_ctors.o)
 .bss           0x000000000080ada8        0x0 ../Lab2_LOOP_AUDIO_bsp/\libhal_bsp.a(alt_do_dtors.o)
 .bss           0x000000000080ada8        0x0 ../Lab2_LOOP_AUDIO_bsp/\libhal_bsp.a(alt_errno.o)
 .bss           0x000000000080ada8        0x0 ../Lab2_LOOP_AUDIO_bsp/\libhal_bsp.a(alt_find_dev.o)
 .bss           0x000000000080ada8        0x0 ../Lab2_LOOP_AUDIO_bsp/\libhal_bsp.a(alt_icache_flush_all.o)
 .bss           0x000000000080ada8        0x0 ../Lab2_LOOP_AUDIO_bsp/\libhal_bsp.a(alt_io_redirect.o)
 .bss           0x000000000080ada8        0x0 ../Lab2_LOOP_AUDIO_bsp/\libhal_bsp.a(alt_irq_register.o)
 .bss           0x000000000080ada8        0x0 ../Lab2_LOOP_AUDIO_bsp/\libhal_bsp.a(alt_irq_vars.o)
 .bss           0x000000000080ada8        0x0 ../Lab2_LOOP_AUDIO_bsp/\libhal_bsp.a(alt_open.o)
 .bss           0x000000000080ada8        0x0 ../Lab2_LOOP_AUDIO_bsp/\libhal_bsp.a(alt_release_fd.o)
 .bss           0x000000000080ada8        0x0 ../Lab2_LOOP_AUDIO_bsp/\libhal_bsp.a(alt_tick.o)
 .bss           0x000000000080ada8        0x0 ../Lab2_LOOP_AUDIO_bsp/\libhal_bsp.a(alt_usleep.o)
 .bss           0x000000000080ada8        0x0 ../Lab2_LOOP_AUDIO_bsp/\libhal_bsp.a(altera_nios2_gen2_irq.o)
 .bss           0x000000000080ada8        0x0 ../Lab2_LOOP_AUDIO_bsp/\libhal_bsp.a(alt_busy_sleep.o)
 .bss           0x000000000080ada8        0x0 ../Lab2_LOOP_AUDIO_bsp/\libhal_bsp.a(alt_find_file.o)
 .bss           0x000000000080ada8        0x0 ../Lab2_LOOP_AUDIO_bsp/\libhal_bsp.a(alt_get_fd.o)
 .bss           0x000000000080ada8        0x0 ../Lab2_LOOP_AUDIO_bsp/\libhal_bsp.a(alt_icache_flush.o)
 .bss           0x000000000080ada8        0x0 ../Lab2_LOOP_AUDIO_bsp/\libhal_bsp.a(alt_irq_entry.o)
 .bss           0x000000000080ada8        0x0 ../Lab2_LOOP_AUDIO_bsp/\libhal_bsp.a(alt_irq_handler.o)
 .bss           0x000000000080ada8        0x0 ../Lab2_LOOP_AUDIO_bsp/\libhal_bsp.a(alt_exception_entry.o)
 .bss           0x000000000080ada8        0x0 ../Lab2_LOOP_AUDIO_bsp/\libhal_bsp.a(alt_instruction_exception_entry.o)
 .bss           0x000000000080ada8        0x0 c:/software/altera/18.1/nios2eds/bin/gnu/h-x86_64-mingw32/bin/../lib/gcc/nios2-elf/5.3.0/../../../../../H-x86_64-mingw32/nios2-elf/lib\libc.a(lib_a-atexit.o)
 .bss           0x000000000080ada8        0x0 c:/software/altera/18.1/nios2eds/bin/gnu/h-x86_64-mingw32/bin/../lib/gcc/nios2-elf/5.3.0/../../../../../H-x86_64-mingw32/nios2-elf/lib\libc.a(lib_a-ctype_.o)
 .bss           0x000000000080ada8        0x0 c:/software/altera/18.1/nios2eds/bin/gnu/h-x86_64-mingw32/bin/../lib/gcc/nios2-elf/5.3.0/../../../../../H-x86_64-mingw32/nios2-elf/lib\libc.a(lib_a-exit.o)
 .bss           0x000000000080ada8        0x0 c:/software/altera/18.1/nios2eds/bin/gnu/h-x86_64-mingw32/bin/../lib/gcc/nios2-elf/5.3.0/../../../../../H-x86_64-mingw32/nios2-elf/lib\libc.a(lib_a-impure.o)
 .bss           0x000000000080ada8        0x0 c:/software/altera/18.1/nios2eds/bin/gnu/h-x86_64-mingw32/bin/../lib/gcc/nios2-elf/5.3.0/../../../../../H-x86_64-mingw32/nios2-elf/lib\libc.a(lib_a-int_errno.o)
 .bss           0x000000000080ada8        0x0 c:/software/altera/18.1/nios2eds/bin/gnu/h-x86_64-mingw32/bin/../lib/gcc/nios2-elf/5.3.0/../../../../../H-x86_64-mingw32/nios2-elf/lib\libc.a(lib_a-memcmp.o)
 .bss           0x000000000080ada8        0x0 c:/software/altera/18.1/nios2eds/bin/gnu/h-x86_64-mingw32/bin/../lib/gcc/nios2-elf/5.3.0/../../../../../H-x86_64-mingw32/nios2-elf/lib\libc.a(lib_a-memcpy.o)
 .bss           0x000000000080ada8        0x0 c:/software/altera/18.1/nios2eds/bin/gnu/h-x86_64-mingw32/bin/../lib/gcc/nios2-elf/5.3.0/../../../../../H-x86_64-mingw32/nios2-elf/lib\libc.a(lib_a-memset.o)
 .bss           0x000000000080ada8        0x0 c:/software/altera/18.1/nios2eds/bin/gnu/h-x86_64-mingw32/bin/../lib/gcc/nios2-elf/5.3.0/../../../../../H-x86_64-mingw32/nios2-elf/lib\libc.a(lib_a-putc.o)
 .bss           0x000000000080ada8        0x0 c:/software/altera/18.1/nios2eds/bin/gnu/h-x86_64-mingw32/bin/../lib/gcc/nios2-elf/5.3.0/../../../../../H-x86_64-mingw32/nios2-elf/lib\libc.a(lib_a-strlen.o)
 .bss           0x000000000080ada8        0x0 c:/software/altera/18.1/nios2eds/bin/gnu/h-x86_64-mingw32/bin/../lib/gcc/nios2-elf/5.3.0/../../../../../H-x86_64-mingw32/nios2-elf/lib\libc.a(lib_a-wbuf.o)
 .bss           0x000000000080ada8        0x0 c:/software/altera/18.1/nios2eds/bin/gnu/h-x86_64-mingw32/bin/../lib/gcc/nios2-elf/5.3.0/../../../../../H-x86_64-mingw32/nios2-elf/lib\libc.a(lib_a-wsetup.o)
 .bss           0x000000000080ada8        0x0 c:/software/altera/18.1/nios2eds/bin/gnu/h-x86_64-mingw32/bin/../lib/gcc/nios2-elf/5.3.0/../../../../../H-x86_64-mingw32/nios2-elf/lib\libc.a(lib_a-__atexit.o)
 .bss           0x000000000080ada8        0x0 c:/software/altera/18.1/nios2eds/bin/gnu/h-x86_64-mingw32/bin/../lib/gcc/nios2-elf/5.3.0/../../../../../H-x86_64-mingw32/nios2-elf/lib\libc.a(lib_a-__call_atexit.o)
 .bss           0x000000000080ada8        0x0 c:/software/altera/18.1/nios2eds/bin/gnu/h-x86_64-mingw32/bin/../lib/gcc/nios2-elf/5.3.0/../../../../../H-x86_64-mingw32/nios2-elf/lib\libc.a(lib_a-fflush.o)
 .bss           0x000000000080ada8        0x0 c:/software/altera/18.1/nios2eds/bin/gnu/h-x86_64-mingw32/bin/../lib/gcc/nios2-elf/5.3.0/../../../../../H-x86_64-mingw32/nios2-elf/lib\libc.a(lib_a-findfp.o)
 .bss           0x000000000080ada8        0x0 c:/software/altera/18.1/nios2eds/bin/gnu/h-x86_64-mingw32/bin/../lib/gcc/nios2-elf/5.3.0/../../../../../H-x86_64-mingw32/nios2-elf/lib\libc.a(lib_a-freer.o)
 .bss           0x000000000080ada8        0x0 c:/software/altera/18.1/nios2eds/bin/gnu/h-x86_64-mingw32/bin/../lib/gcc/nios2-elf/5.3.0/../../../../../H-x86_64-mingw32/nios2-elf/lib\libc.a(lib_a-fwalk.o)
 .bss           0x000000000080ada8        0x0 c:/software/altera/18.1/nios2eds/bin/gnu/h-x86_64-mingw32/bin/../lib/gcc/nios2-elf/5.3.0/../../../../../H-x86_64-mingw32/nios2-elf/lib\libc.a(lib_a-makebuf.o)
 .bss           0x000000000080ada8        0x0 c:/software/altera/18.1/nios2eds/bin/gnu/h-x86_64-mingw32/bin/../lib/gcc/nios2-elf/5.3.0/../../../../../H-x86_64-mingw32/nios2-elf/lib\libc.a(lib_a-mallocr.o)
 .bss.__malloc_current_mallinfo
                0x000000000080ada8       0x28 c:/software/altera/18.1/nios2eds/bin/gnu/h-x86_64-mingw32/bin/../lib/gcc/nios2-elf/5.3.0/../../../../../H-x86_64-mingw32/nios2-elf/lib\libc.a(lib_a-mallocr.o)
                0x000000000080ada8                __malloc_current_mallinfo
 .bss           0x000000000080add0        0x0 c:/software/altera/18.1/nios2eds/bin/gnu/h-x86_64-mingw32/bin/../lib/gcc/nios2-elf/5.3.0/../../../../../H-x86_64-mingw32/nios2-elf/lib\libc.a(lib_a-sbrkr.o)
 .bss           0x000000000080add0        0x0 c:/software/altera/18.1/nios2eds/bin/gnu/h-x86_64-mingw32/bin/../lib/gcc/nios2-elf/5.3.0/../../../../../H-x86_64-mingw32/nios2-elf/lib\libc.a(lib_a-stdio.o)
 .bss           0x000000000080add0        0x0 c:/software/altera/18.1/nios2eds/bin/gnu/h-x86_64-mingw32/bin/../lib/gcc/nios2-elf/5.3.0/../../../../../H-x86_64-mingw32/nios2-elf/lib\libc.a(lib_a-writer.o)
 .bss           0x000000000080add0        0x0 c:/software/altera/18.1/nios2eds/bin/gnu/h-x86_64-mingw32/bin/../lib/gcc/nios2-elf/5.3.0/../../../../../H-x86_64-mingw32/nios2-elf/lib\libc.a(closer.o)
 .bss           0x000000000080add0        0x0 c:/software/altera/18.1/nios2eds/bin/gnu/h-x86_64-mingw32/bin/../lib/gcc/nios2-elf/5.3.0/../../../../../H-x86_64-mingw32/nios2-elf/lib\libc.a(lib_a-fclose.o)
 .bss           0x000000000080add0        0x0 c:/software/altera/18.1/nios2eds/bin/gnu/h-x86_64-mingw32/bin/../lib/gcc/nios2-elf/5.3.0/../../../../../H-x86_64-mingw32/nios2-elf/lib\libc.a(lib_a-fstatr.o)
 .bss           0x000000000080add0        0x0 c:/software/altera/18.1/nios2eds/bin/gnu/h-x86_64-mingw32/bin/../lib/gcc/nios2-elf/5.3.0/../../../../../H-x86_64-mingw32/nios2-elf/lib\libc.a(lib_a-isattyr.o)
 .bss           0x000000000080add0        0x0 c:/software/altera/18.1/nios2eds/bin/gnu/h-x86_64-mingw32/bin/../lib/gcc/nios2-elf/5.3.0/../../../../../H-x86_64-mingw32/nios2-elf/lib\libc.a(lib_a-lseekr.o)
 .bss           0x000000000080add0        0x0 c:/software/altera/18.1/nios2eds/bin/gnu/h-x86_64-mingw32/bin/../lib/gcc/nios2-elf/5.3.0/../../../../../H-x86_64-mingw32/nios2-elf/lib\libc.a(lib_a-readr.o)
 .bss           0x000000000080add0        0x0 c:/software/altera/18.1/nios2eds/bin/gnu/h-x86_64-mingw32/bin/../lib/gcc/nios2-elf/5.3.0\libgcc.a(lib2-divmod.o)
 .bss           0x000000000080add0        0x0 ../Lab2_LOOP_AUDIO_bsp/\libhal_bsp.a(alt_exit.o)
 .bss           0x000000000080add0        0x0 ../Lab2_LOOP_AUDIO_bsp/\libhal_bsp.a(alt_fstat.o)
 .bss           0x000000000080add0        0x0 ../Lab2_LOOP_AUDIO_bsp/\libhal_bsp.a(alt_isatty.o)
 .bss           0x000000000080add0        0x0 ../Lab2_LOOP_AUDIO_bsp/\libhal_bsp.a(alt_lseek.o)
 .bss           0x000000000080add0        0x0 ../Lab2_LOOP_AUDIO_bsp/\libhal_bsp.a(alt_malloc_lock.o)
 .bss           0x000000000080add0        0x0 ../Lab2_LOOP_AUDIO_bsp/\libhal_bsp.a(alt_read.o)
 .bss           0x000000000080add0        0x0 ../Lab2_LOOP_AUDIO_bsp/\libhal_bsp.a(alt_sbrk.o)
 .bss           0x000000000080add0        0x0 ../Lab2_LOOP_AUDIO_bsp/\libhal_bsp.a(alt_write.o)
 *(COMMON)
 COMMON         0x000000000080add0      0x100 ../Lab2_LOOP_AUDIO_bsp/\libhal_bsp.a(alt_irq_handler.o)
                0x000000000080add0                alt_irq
                0x000000000080aed0                . = ALIGN (0x4)
                0x000000000080aed0                __bss_end = ABSOLUTE (.)

.sdram_0        0x000000000080aed0        0x0
                [!provide]                        PROVIDE (_alt_partition_sdram_0_start, ABSOLUTE (.))
 *(.sdram_0 .sdram_0. sdram_0.*)
                0x000000000080aed0                . = ALIGN (0x4)
                [!provide]                        PROVIDE (_alt_partition_sdram_0_end, ABSOLUTE (.))
                0x000000000080aed0                _end = ABSOLUTE (.)
                0x000000000080aed0                end = ABSOLUTE (.)
                0x000000000080aed0                __alt_stack_base = ABSOLUTE (.)
                [!provide]                        PROVIDE (_alt_partition_sdram_0_load_addr, LOADADDR (.sdram_0))

.stab
 *(.stab)

.stabstr
 *(.stabstr)

.stab.excl
 *(.stab.excl)

.stab.exclstr
 *(.stab.exclstr)

.stab.index
 *(.stab.index)

.stab.indexstr
 *(.stab.indexstr)

.comment        0x0000000000000000       0x23
 *(.comment)
 .comment       0x0000000000000000       0x23 obj/default/LOOP_AUDIO.o
                                         0x24 (size before relaxing)
 .comment       0x0000000000000023       0x24 obj/default/hello_world.o
 .comment       0x0000000000000023       0x24 ../Lab2_LOOP_AUDIO_bsp/\libhal_bsp.a(alt_load.o)
 .comment       0x0000000000000023       0x24 ../Lab2_LOOP_AUDIO_bsp/\libhal_bsp.a(alt_main.o)
 .comment       0x0000000000000023       0x24 ../Lab2_LOOP_AUDIO_bsp/\libhal_bsp.a(alt_printf.o)
 .comment       0x0000000000000023       0x24 ../Lab2_LOOP_AUDIO_bsp/\libhal_bsp.a(alt_putchar.o)
 .comment       0x0000000000000023       0x24 ../Lab2_LOOP_AUDIO_bsp/\libhal_bsp.a(alt_sys_init.o)
 .comment       0x0000000000000023       0x24 ../Lab2_LOOP_AUDIO_bsp/\libhal_bsp.a(altera_avalon_jtag_uart_fd.o)
 .comment       0x0000000000000023       0x24 ../Lab2_LOOP_AUDIO_bsp/\libhal_bsp.a(altera_avalon_jtag_uart_init.o)
 .comment       0x0000000000000023       0x24 ../Lab2_LOOP_AUDIO_bsp/\libhal_bsp.a(altera_avalon_jtag_uart_ioctl.o)
 .comment       0x0000000000000023       0x24 ../Lab2_LOOP_AUDIO_bsp/\libhal_bsp.a(altera_avalon_jtag_uart_read.o)
 .comment       0x0000000000000023       0x24 ../Lab2_LOOP_AUDIO_bsp/\libhal_bsp.a(altera_avalon_jtag_uart_write.o)
 .comment       0x0000000000000023       0x24 ../Lab2_LOOP_AUDIO_bsp/\libhal_bsp.a(altera_avalon_lcd_16207.o)
 .comment       0x0000000000000023       0x24 ../Lab2_LOOP_AUDIO_bsp/\libhal_bsp.a(altera_avalon_lcd_16207_fd.o)
 .comment       0x0000000000000023       0x24 ../Lab2_LOOP_AUDIO_bsp/\libhal_bsp.a(altera_avalon_timer_sc.o)
 .comment       0x0000000000000023       0x24 ../Lab2_LOOP_AUDIO_bsp/\libhal_bsp.a(altera_avalon_uart_fd.o)
 .comment       0x0000000000000023       0x24 ../Lab2_LOOP_AUDIO_bsp/\libhal_bsp.a(altera_avalon_uart_init.o)
 .comment       0x0000000000000023       0x24 ../Lab2_LOOP_AUDIO_bsp/\libhal_bsp.a(altera_avalon_uart_read.o)
 .comment       0x0000000000000023       0x24 ../Lab2_LOOP_AUDIO_bsp/\libhal_bsp.a(altera_avalon_uart_write.o)
 .comment       0x0000000000000023       0x24 ../Lab2_LOOP_AUDIO_bsp/\libhal_bsp.a(altera_up_avalon_audio.o)
 .comment       0x0000000000000023       0x24 ../Lab2_LOOP_AUDIO_bsp/\libhal_bsp.a(alt_alarm_start.o)
 .comment       0x0000000000000023       0x24 ../Lab2_LOOP_AUDIO_bsp/\libhal_bsp.a(alt_close.o)
 .comment       0x0000000000000023       0x24 ../Lab2_LOOP_AUDIO_bsp/\libhal_bsp.a(alt_dcache_flush_all.o)
 .comment       0x0000000000000023       0x24 ../Lab2_LOOP_AUDIO_bsp/\libhal_bsp.a(alt_dev.o)
 .comment       0x0000000000000023       0x24 ../Lab2_LOOP_AUDIO_bsp/\libhal_bsp.a(alt_dev_llist_insert.o)
 .comment       0x0000000000000023       0x24 ../Lab2_LOOP_AUDIO_bsp/\libhal_bsp.a(alt_do_ctors.o)
 .comment       0x0000000000000023       0x24 ../Lab2_LOOP_AUDIO_bsp/\libhal_bsp.a(alt_do_dtors.o)
 .comment       0x0000000000000023       0x24 ../Lab2_LOOP_AUDIO_bsp/\libhal_bsp.a(alt_errno.o)
 .comment       0x0000000000000023       0x24 ../Lab2_LOOP_AUDIO_bsp/\libhal_bsp.a(alt_find_dev.o)
 .comment       0x0000000000000023       0x24 ../Lab2_LOOP_AUDIO_bsp/\libhal_bsp.a(alt_icache_flush_all.o)
 .comment       0x0000000000000023       0x24 ../Lab2_LOOP_AUDIO_bsp/\libhal_bsp.a(alt_io_redirect.o)
 .comment       0x0000000000000023       0x24 ../Lab2_LOOP_AUDIO_bsp/\libhal_bsp.a(alt_irq_register.o)
 .comment       0x0000000000000023       0x24 ../Lab2_LOOP_AUDIO_bsp/\libhal_bsp.a(alt_irq_vars.o)
 .comment       0x0000000000000023       0x24 ../Lab2_LOOP_AUDIO_bsp/\libhal_bsp.a(alt_open.o)
 .comment       0x0000000000000023       0x24 ../Lab2_LOOP_AUDIO_bsp/\libhal_bsp.a(alt_release_fd.o)
 .comment       0x0000000000000023       0x24 ../Lab2_LOOP_AUDIO_bsp/\libhal_bsp.a(alt_tick.o)
 .comment       0x0000000000000023       0x24 ../Lab2_LOOP_AUDIO_bsp/\libhal_bsp.a(alt_usleep.o)
 .comment       0x0000000000000023       0x24 ../Lab2_LOOP_AUDIO_bsp/\libhal_bsp.a(altera_nios2_gen2_irq.o)
 .comment       0x0000000000000023       0x24 ../Lab2_LOOP_AUDIO_bsp/\libhal_bsp.a(alt_busy_sleep.o)
 .comment       0x0000000000000023       0x24 ../Lab2_LOOP_AUDIO_bsp/\libhal_bsp.a(alt_find_file.o)
 .comment       0x0000000000000023       0x24 ../Lab2_LOOP_AUDIO_bsp/\libhal_bsp.a(alt_get_fd.o)
 .comment       0x0000000000000023       0x24 ../Lab2_LOOP_AUDIO_bsp/\libhal_bsp.a(alt_icache_flush.o)
 .comment       0x0000000000000023       0x24 ../Lab2_LOOP_AUDIO_bsp/\libhal_bsp.a(alt_irq_handler.o)
 .comment       0x0000000000000023       0x24 ../Lab2_LOOP_AUDIO_bsp/\libhal_bsp.a(alt_instruction_exception_entry.o)
 .comment       0x0000000000000023       0x24 c:/software/altera/18.1/nios2eds/bin/gnu/h-x86_64-mingw32/bin/../lib/gcc/nios2-elf/5.3.0/../../../../../H-x86_64-mingw32/nios2-elf/lib\libc.a(lib_a-atexit.o)
 .comment       0x0000000000000023       0x24 c:/software/altera/18.1/nios2eds/bin/gnu/h-x86_64-mingw32/bin/../lib/gcc/nios2-elf/5.3.0/../../../../../H-x86_64-mingw32/nios2-elf/lib\libc.a(lib_a-ctype_.o)
 .comment       0x0000000000000023       0x24 c:/software/altera/18.1/nios2eds/bin/gnu/h-x86_64-mingw32/bin/../lib/gcc/nios2-elf/5.3.0/../../../../../H-x86_64-mingw32/nios2-elf/lib\libc.a(lib_a-exit.o)
 .comment       0x0000000000000023       0x24 c:/software/altera/18.1/nios2eds/bin/gnu/h-x86_64-mingw32/bin/../lib/gcc/nios2-elf/5.3.0/../../../../../H-x86_64-mingw32/nios2-elf/lib\libc.a(lib_a-impure.o)
 .comment       0x0000000000000023       0x24 c:/software/altera/18.1/nios2eds/bin/gnu/h-x86_64-mingw32/bin/../lib/gcc/nios2-elf/5.3.0/../../../../../H-x86_64-mingw32/nios2-elf/lib\libc.a(lib_a-int_errno.o)
 .comment       0x0000000000000023       0x24 c:/software/altera/18.1/nios2eds/bin/gnu/h-x86_64-mingw32/bin/../lib/gcc/nios2-elf/5.3.0/../../../../../H-x86_64-mingw32/nios2-elf/lib\libc.a(lib_a-memcmp.o)
 .comment       0x0000000000000023       0x24 c:/software/altera/18.1/nios2eds/bin/gnu/h-x86_64-mingw32/bin/../lib/gcc/nios2-elf/5.3.0/../../../../../H-x86_64-mingw32/nios2-elf/lib\libc.a(lib_a-memcpy.o)
 .comment       0x0000000000000023       0x24 c:/software/altera/18.1/nios2eds/bin/gnu/h-x86_64-mingw32/bin/../lib/gcc/nios2-elf/5.3.0/../../../../../H-x86_64-mingw32/nios2-elf/lib\libc.a(lib_a-memset.o)
 .comment       0x0000000000000023       0x24 c:/software/altera/18.1/nios2eds/bin/gnu/h-x86_64-mingw32/bin/../lib/gcc/nios2-elf/5.3.0/../../../../../H-x86_64-mingw32/nios2-elf/lib\libc.a(lib_a-putc.o)
 .comment       0x0000000000000023       0x24 c:/software/altera/18.1/nios2eds/bin/gnu/h-x86_64-mingw32/bin/../lib/gcc/nios2-elf/5.3.0/../../../../../H-x86_64-mingw32/nios2-elf/lib\libc.a(lib_a-strlen.o)
 .comment       0x0000000000000023       0x24 c:/software/altera/18.1/nios2eds/bin/gnu/h-x86_64-mingw32/bin/../lib/gcc/nios2-elf/5.3.0/../../../../../H-x86_64-mingw32/nios2-elf/lib\libc.a(lib_a-wbuf.o)
 .comment       0x0000000000000023       0x24 c:/software/altera/18.1/nios2eds/bin/gnu/h-x86_64-mingw32/bin/../lib/gcc/nios2-elf/5.3.0/../../../../../H-x86_64-mingw32/nios2-elf/lib\libc.a(lib_a-wsetup.o)
 .comment       0x0000000000000023       0x24 c:/software/altera/18.1/nios2eds/bin/gnu/h-x86_64-mingw32/bin/../lib/gcc/nios2-elf/5.3.0/../../../../../H-x86_64-mingw32/nios2-elf/lib\libc.a(lib_a-__atexit.o)
 .comment       0x0000000000000023       0x24 c:/software/altera/18.1/nios2eds/bin/gnu/h-x86_64-mingw32/bin/../lib/gcc/nios2-elf/5.3.0/../../../../../H-x86_64-mingw32/nios2-elf/lib\libc.a(lib_a-__call_atexit.o)
 .comment       0x0000000000000023       0x24 c:/software/altera/18.1/nios2eds/bin/gnu/h-x86_64-mingw32/bin/../lib/gcc/nios2-elf/5.3.0/../../../../../H-x86_64-mingw32/nios2-elf/lib\libc.a(lib_a-fflush.o)
 .comment       0x0000000000000023       0x24 c:/software/altera/18.1/nios2eds/bin/gnu/h-x86_64-mingw32/bin/../lib/gcc/nios2-elf/5.3.0/../../../../../H-x86_64-mingw32/nios2-elf/lib\libc.a(lib_a-findfp.o)
 .comment       0x0000000000000023       0x24 c:/software/altera/18.1/nios2eds/bin/gnu/h-x86_64-mingw32/bin/../lib/gcc/nios2-elf/5.3.0/../../../../../H-x86_64-mingw32/nios2-elf/lib\libc.a(lib_a-freer.o)
 .comment       0x0000000000000023       0x24 c:/software/altera/18.1/nios2eds/bin/gnu/h-x86_64-mingw32/bin/../lib/gcc/nios2-elf/5.3.0/../../../../../H-x86_64-mingw32/nios2-elf/lib\libc.a(lib_a-fwalk.o)
 .comment       0x0000000000000023       0x24 c:/software/altera/18.1/nios2eds/bin/gnu/h-x86_64-mingw32/bin/../lib/gcc/nios2-elf/5.3.0/../../../../../H-x86_64-mingw32/nios2-elf/lib\libc.a(lib_a-makebuf.o)
 .comment       0x0000000000000023       0x24 c:/software/altera/18.1/nios2eds/bin/gnu/h-x86_64-mingw32/bin/../lib/gcc/nios2-elf/5.3.0/../../../../../H-x86_64-mingw32/nios2-elf/lib\libc.a(lib_a-mallocr.o)
 .comment       0x0000000000000023       0x24 c:/software/altera/18.1/nios2eds/bin/gnu/h-x86_64-mingw32/bin/../lib/gcc/nios2-elf/5.3.0/../../../../../H-x86_64-mingw32/nios2-elf/lib\libc.a(lib_a-sbrkr.o)
 .comment       0x0000000000000023       0x24 c:/software/altera/18.1/nios2eds/bin/gnu/h-x86_64-mingw32/bin/../lib/gcc/nios2-elf/5.3.0/../../../../../H-x86_64-mingw32/nios2-elf/lib\libc.a(lib_a-stdio.o)
 .comment       0x0000000000000023       0x24 c:/software/altera/18.1/nios2eds/bin/gnu/h-x86_64-mingw32/bin/../lib/gcc/nios2-elf/5.3.0/../../../../../H-x86_64-mingw32/nios2-elf/lib\libc.a(lib_a-writer.o)
 .comment       0x0000000000000023       0x24 c:/software/altera/18.1/nios2eds/bin/gnu/h-x86_64-mingw32/bin/../lib/gcc/nios2-elf/5.3.0/../../../../../H-x86_64-mingw32/nios2-elf/lib\libc.a(closer.o)
 .comment       0x0000000000000023       0x24 c:/software/altera/18.1/nios2eds/bin/gnu/h-x86_64-mingw32/bin/../lib/gcc/nios2-elf/5.3.0/../../../../../H-x86_64-mingw32/nios2-elf/lib\libc.a(lib_a-fclose.o)
 .comment       0x0000000000000023       0x24 c:/software/altera/18.1/nios2eds/bin/gnu/h-x86_64-mingw32/bin/../lib/gcc/nios2-elf/5.3.0/../../../../../H-x86_64-mingw32/nios2-elf/lib\libc.a(lib_a-fstatr.o)
 .comment       0x0000000000000023       0x24 c:/software/altera/18.1/nios2eds/bin/gnu/h-x86_64-mingw32/bin/../lib/gcc/nios2-elf/5.3.0/../../../../../H-x86_64-mingw32/nios2-elf/lib\libc.a(lib_a-isattyr.o)
 .comment       0x0000000000000023       0x24 c:/software/altera/18.1/nios2eds/bin/gnu/h-x86_64-mingw32/bin/../lib/gcc/nios2-elf/5.3.0/../../../../../H-x86_64-mingw32/nios2-elf/lib\libc.a(lib_a-lseekr.o)
 .comment       0x0000000000000023       0x24 c:/software/altera/18.1/nios2eds/bin/gnu/h-x86_64-mingw32/bin/../lib/gcc/nios2-elf/5.3.0/../../../../../H-x86_64-mingw32/nios2-elf/lib\libc.a(lib_a-readr.o)
 .comment       0x0000000000000023       0x24 c:/software/altera/18.1/nios2eds/bin/gnu/h-x86_64-mingw32/bin/../lib/gcc/nios2-elf/5.3.0\libgcc.a(lib2-divmod.o)
 .comment       0x0000000000000023       0x24 ../Lab2_LOOP_AUDIO_bsp/\libhal_bsp.a(alt_exit.o)
 .comment       0x0000000000000023       0x24 ../Lab2_LOOP_AUDIO_bsp/\libhal_bsp.a(alt_fstat.o)
 .comment       0x0000000000000023       0x24 ../Lab2_LOOP_AUDIO_bsp/\libhal_bsp.a(alt_isatty.o)
 .comment       0x0000000000000023       0x24 ../Lab2_LOOP_AUDIO_bsp/\libhal_bsp.a(alt_lseek.o)
 .comment       0x0000000000000023       0x24 ../Lab2_LOOP_AUDIO_bsp/\libhal_bsp.a(alt_malloc_lock.o)
 .comment       0x0000000000000023       0x24 ../Lab2_LOOP_AUDIO_bsp/\libhal_bsp.a(alt_read.o)
 .comment       0x0000000000000023       0x24 ../Lab2_LOOP_AUDIO_bsp/\libhal_bsp.a(alt_sbrk.o)
 .comment       0x0000000000000023       0x24 ../Lab2_LOOP_AUDIO_bsp/\libhal_bsp.a(alt_write.o)

.debug
 *(.debug)

.line
 *(.line)

.debug_srcinfo
 *(.debug_srcinfo)

.debug_sfnames
 *(.debug_sfnames)

.debug_aranges  0x0000000000000000      0xb48
 *(.debug_aranges)
 .debug_aranges
                0x0000000000000000       0x28 ../Lab2_LOOP_AUDIO_bsp//obj/HAL/src/crt0.o
 .debug_aranges
                0x0000000000000028       0x20 obj/default/LOOP_AUDIO.o
 .debug_aranges
                0x0000000000000048       0x18 obj/default/hello_world.o
 .debug_aranges
                0x0000000000000060       0x20 ../Lab2_LOOP_AUDIO_bsp/\libhal_bsp.a(alt_load.o)
 .debug_aranges
                0x0000000000000080       0x20 ../Lab2_LOOP_AUDIO_bsp/\libhal_bsp.a(alt_main.o)
 .debug_aranges
                0x00000000000000a0       0x20 ../Lab2_LOOP_AUDIO_bsp/\libhal_bsp.a(alt_printf.o)
 .debug_aranges
                0x00000000000000c0       0x20 ../Lab2_LOOP_AUDIO_bsp/\libhal_bsp.a(alt_putchar.o)
 .debug_aranges
                0x00000000000000e0       0x20 ../Lab2_LOOP_AUDIO_bsp/\libhal_bsp.a(alt_sys_init.o)
 .debug_aranges
                0x0000000000000100       0x20 ../Lab2_LOOP_AUDIO_bsp/\libhal_bsp.a(altera_avalon_jtag_uart_fd.o)
 .debug_aranges
                0x0000000000000120       0x20 ../Lab2_LOOP_AUDIO_bsp/\libhal_bsp.a(altera_avalon_jtag_uart_init.o)
 .debug_aranges
                0x0000000000000140       0x20 ../Lab2_LOOP_AUDIO_bsp/\libhal_bsp.a(altera_avalon_jtag_uart_ioctl.o)
 .debug_aranges
                0x0000000000000160       0x20 ../Lab2_LOOP_AUDIO_bsp/\libhal_bsp.a(altera_avalon_jtag_uart_read.o)
 .debug_aranges
                0x0000000000000180       0x20 ../Lab2_LOOP_AUDIO_bsp/\libhal_bsp.a(altera_avalon_jtag_uart_write.o)
 .debug_aranges
                0x00000000000001a0       0x20 ../Lab2_LOOP_AUDIO_bsp/\libhal_bsp.a(altera_avalon_lcd_16207.o)
 .debug_aranges
                0x00000000000001c0       0x20 ../Lab2_LOOP_AUDIO_bsp/\libhal_bsp.a(altera_avalon_lcd_16207_fd.o)
 .debug_aranges
                0x00000000000001e0       0x20 ../Lab2_LOOP_AUDIO_bsp/\libhal_bsp.a(altera_avalon_timer_sc.o)
 .debug_aranges
                0x0000000000000200       0x20 ../Lab2_LOOP_AUDIO_bsp/\libhal_bsp.a(altera_avalon_uart_fd.o)
 .debug_aranges
                0x0000000000000220       0x20 ../Lab2_LOOP_AUDIO_bsp/\libhal_bsp.a(altera_avalon_uart_init.o)
 .debug_aranges
                0x0000000000000240       0x20 ../Lab2_LOOP_AUDIO_bsp/\libhal_bsp.a(altera_avalon_uart_read.o)
 .debug_aranges
                0x0000000000000260       0x20 ../Lab2_LOOP_AUDIO_bsp/\libhal_bsp.a(altera_avalon_uart_write.o)
 .debug_aranges
                0x0000000000000280       0x20 ../Lab2_LOOP_AUDIO_bsp/\libhal_bsp.a(altera_up_avalon_audio.o)
 .debug_aranges
                0x00000000000002a0       0x20 ../Lab2_LOOP_AUDIO_bsp/\libhal_bsp.a(alt_alarm_start.o)
 .debug_aranges
                0x00000000000002c0       0x20 ../Lab2_LOOP_AUDIO_bsp/\libhal_bsp.a(alt_close.o)
 .debug_aranges
                0x00000000000002e0       0x20 ../Lab2_LOOP_AUDIO_bsp/\libhal_bsp.a(alt_dcache_flush_all.o)
 .debug_aranges
                0x0000000000000300       0x20 ../Lab2_LOOP_AUDIO_bsp/\libhal_bsp.a(alt_dev.o)
 .debug_aranges
                0x0000000000000320       0x20 ../Lab2_LOOP_AUDIO_bsp/\libhal_bsp.a(alt_dev_llist_insert.o)
 .debug_aranges
                0x0000000000000340       0x20 ../Lab2_LOOP_AUDIO_bsp/\libhal_bsp.a(alt_do_ctors.o)
 .debug_aranges
                0x0000000000000360       0x20 ../Lab2_LOOP_AUDIO_bsp/\libhal_bsp.a(alt_do_dtors.o)
 .debug_aranges
                0x0000000000000380       0x18 ../Lab2_LOOP_AUDIO_bsp/\libhal_bsp.a(alt_errno.o)
 .debug_aranges
                0x0000000000000398       0x20 ../Lab2_LOOP_AUDIO_bsp/\libhal_bsp.a(alt_find_dev.o)
 .debug_aranges
                0x00000000000003b8       0x20 ../Lab2_LOOP_AUDIO_bsp/\libhal_bsp.a(alt_icache_flush_all.o)
 .debug_aranges
                0x00000000000003d8       0x20 ../Lab2_LOOP_AUDIO_bsp/\libhal_bsp.a(alt_io_redirect.o)
 .debug_aranges
                0x00000000000003f8       0x20 ../Lab2_LOOP_AUDIO_bsp/\libhal_bsp.a(alt_irq_register.o)
 .debug_aranges
                0x0000000000000418       0x18 ../Lab2_LOOP_AUDIO_bsp/\libhal_bsp.a(alt_irq_vars.o)
 .debug_aranges
                0x0000000000000430       0x20 ../Lab2_LOOP_AUDIO_bsp/\libhal_bsp.a(alt_open.o)
 .debug_aranges
                0x0000000000000450       0x20 ../Lab2_LOOP_AUDIO_bsp/\libhal_bsp.a(alt_release_fd.o)
 .debug_aranges
                0x0000000000000470       0x20 ../Lab2_LOOP_AUDIO_bsp/\libhal_bsp.a(alt_tick.o)
 .debug_aranges
                0x0000000000000490       0x20 ../Lab2_LOOP_AUDIO_bsp/\libhal_bsp.a(alt_usleep.o)
 .debug_aranges
                0x00000000000004b0       0x20 ../Lab2_LOOP_AUDIO_bsp/\libhal_bsp.a(altera_nios2_gen2_irq.o)
 .debug_aranges
                0x00000000000004d0       0x20 ../Lab2_LOOP_AUDIO_bsp/\libhal_bsp.a(alt_busy_sleep.o)
 .debug_aranges
                0x00000000000004f0       0x20 ../Lab2_LOOP_AUDIO_bsp/\libhal_bsp.a(alt_find_file.o)
 .debug_aranges
                0x0000000000000510       0x20 ../Lab2_LOOP_AUDIO_bsp/\libhal_bsp.a(alt_get_fd.o)
 .debug_aranges
                0x0000000000000530       0x20 ../Lab2_LOOP_AUDIO_bsp/\libhal_bsp.a(alt_icache_flush.o)
 .debug_aranges
                0x0000000000000550       0x30 ../Lab2_LOOP_AUDIO_bsp/\libhal_bsp.a(alt_irq_entry.o)
 .debug_aranges
                0x0000000000000580       0x20 ../Lab2_LOOP_AUDIO_bsp/\libhal_bsp.a(alt_irq_handler.o)
 .debug_aranges
                0x00000000000005a0       0x38 ../Lab2_LOOP_AUDIO_bsp/\libhal_bsp.a(alt_exception_entry.o)
 .debug_aranges
                0x00000000000005d8       0x28 ../Lab2_LOOP_AUDIO_bsp/\libhal_bsp.a(alt_instruction_exception_entry.o)
 .debug_aranges
                0x0000000000000600       0x20 c:/software/altera/18.1/nios2eds/bin/gnu/h-x86_64-mingw32/bin/../lib/gcc/nios2-elf/5.3.0/../../../../../H-x86_64-mingw32/nios2-elf/lib\libc.a(lib_a-atexit.o)
 .debug_aranges
                0x0000000000000620       0x18 c:/software/altera/18.1/nios2eds/bin/gnu/h-x86_64-mingw32/bin/../lib/gcc/nios2-elf/5.3.0/../../../../../H-x86_64-mingw32/nios2-elf/lib\libc.a(lib_a-ctype_.o)
 .debug_aranges
                0x0000000000000638       0x20 c:/software/altera/18.1/nios2eds/bin/gnu/h-x86_64-mingw32/bin/../lib/gcc/nios2-elf/5.3.0/../../../../../H-x86_64-mingw32/nios2-elf/lib\libc.a(lib_a-exit.o)
 .debug_aranges
                0x0000000000000658       0x18 c:/software/altera/18.1/nios2eds/bin/gnu/h-x86_64-mingw32/bin/../lib/gcc/nios2-elf/5.3.0/../../../../../H-x86_64-mingw32/nios2-elf/lib\libc.a(lib_a-impure.o)
 .debug_aranges
                0x0000000000000670       0x18 c:/software/altera/18.1/nios2eds/bin/gnu/h-x86_64-mingw32/bin/../lib/gcc/nios2-elf/5.3.0/../../../../../H-x86_64-mingw32/nios2-elf/lib\libc.a(lib_a-int_errno.o)
 .debug_aranges
                0x0000000000000688       0x20 c:/software/altera/18.1/nios2eds/bin/gnu/h-x86_64-mingw32/bin/../lib/gcc/nios2-elf/5.3.0/../../../../../H-x86_64-mingw32/nios2-elf/lib\libc.a(lib_a-memcmp.o)
 .debug_aranges
                0x00000000000006a8       0x20 c:/software/altera/18.1/nios2eds/bin/gnu/h-x86_64-mingw32/bin/../lib/gcc/nios2-elf/5.3.0/../../../../../H-x86_64-mingw32/nios2-elf/lib\libc.a(lib_a-memcpy.o)
 .debug_aranges
                0x00000000000006c8       0x20 c:/software/altera/18.1/nios2eds/bin/gnu/h-x86_64-mingw32/bin/../lib/gcc/nios2-elf/5.3.0/../../../../../H-x86_64-mingw32/nios2-elf/lib\libc.a(lib_a-memset.o)
 .debug_aranges
                0x00000000000006e8       0x28 c:/software/altera/18.1/nios2eds/bin/gnu/h-x86_64-mingw32/bin/../lib/gcc/nios2-elf/5.3.0/../../../../../H-x86_64-mingw32/nios2-elf/lib\libc.a(lib_a-putc.o)
 .debug_aranges
                0x0000000000000710       0x20 c:/software/altera/18.1/nios2eds/bin/gnu/h-x86_64-mingw32/bin/../lib/gcc/nios2-elf/5.3.0/../../../../../H-x86_64-mingw32/nios2-elf/lib\libc.a(lib_a-strlen.o)
 .debug_aranges
                0x0000000000000730       0x28 c:/software/altera/18.1/nios2eds/bin/gnu/h-x86_64-mingw32/bin/../lib/gcc/nios2-elf/5.3.0/../../../../../H-x86_64-mingw32/nios2-elf/lib\libc.a(lib_a-wbuf.o)
 .debug_aranges
                0x0000000000000758       0x20 c:/software/altera/18.1/nios2eds/bin/gnu/h-x86_64-mingw32/bin/../lib/gcc/nios2-elf/5.3.0/../../../../../H-x86_64-mingw32/nios2-elf/lib\libc.a(lib_a-wsetup.o)
 .debug_aranges
                0x0000000000000778       0x20 c:/software/altera/18.1/nios2eds/bin/gnu/h-x86_64-mingw32/bin/../lib/gcc/nios2-elf/5.3.0/../../../../../H-x86_64-mingw32/nios2-elf/lib\libc.a(lib_a-__atexit.o)
 .debug_aranges
                0x0000000000000798       0x20 c:/software/altera/18.1/nios2eds/bin/gnu/h-x86_64-mingw32/bin/../lib/gcc/nios2-elf/5.3.0/../../../../../H-x86_64-mingw32/nios2-elf/lib\libc.a(lib_a-__call_atexit.o)
 .debug_aranges
                0x00000000000007b8       0x30 c:/software/altera/18.1/nios2eds/bin/gnu/h-x86_64-mingw32/bin/../lib/gcc/nios2-elf/5.3.0/../../../../../H-x86_64-mingw32/nios2-elf/lib\libc.a(lib_a-fflush.o)
 .debug_aranges
                0x00000000000007e8       0x68 c:/software/altera/18.1/nios2eds/bin/gnu/h-x86_64-mingw32/bin/../lib/gcc/nios2-elf/5.3.0/../../../../../H-x86_64-mingw32/nios2-elf/lib\libc.a(lib_a-findfp.o)
 .debug_aranges
                0x0000000000000850       0x28 c:/software/altera/18.1/nios2eds/bin/gnu/h-x86_64-mingw32/bin/../lib/gcc/nios2-elf/5.3.0/../../../../../H-x86_64-mingw32/nios2-elf/lib\libc.a(lib_a-freer.o)
 .debug_aranges
                0x0000000000000878       0x28 c:/software/altera/18.1/nios2eds/bin/gnu/h-x86_64-mingw32/bin/../lib/gcc/nios2-elf/5.3.0/../../../../../H-x86_64-mingw32/nios2-elf/lib\libc.a(lib_a-fwalk.o)
 .debug_aranges
                0x00000000000008a0       0x20 c:/software/altera/18.1/nios2eds/bin/gnu/h-x86_64-mingw32/bin/../lib/gcc/nios2-elf/5.3.0/../../../../../H-x86_64-mingw32/nios2-elf/lib\libc.a(lib_a-makebuf.o)
 .debug_aranges
                0x00000000000008c0       0x20 c:/software/altera/18.1/nios2eds/bin/gnu/h-x86_64-mingw32/bin/../lib/gcc/nios2-elf/5.3.0/../../../../../H-x86_64-mingw32/nios2-elf/lib\libc.a(lib_a-mallocr.o)
 .debug_aranges
                0x00000000000008e0       0x20 c:/software/altera/18.1/nios2eds/bin/gnu/h-x86_64-mingw32/bin/../lib/gcc/nios2-elf/5.3.0/../../../../../H-x86_64-mingw32/nios2-elf/lib\libc.a(lib_a-sbrkr.o)
 .debug_aranges
                0x0000000000000900       0x40 c:/software/altera/18.1/nios2eds/bin/gnu/h-x86_64-mingw32/bin/../lib/gcc/nios2-elf/5.3.0/../../../../../H-x86_64-mingw32/nios2-elf/lib\libc.a(lib_a-stdio.o)
 .debug_aranges
                0x0000000000000940       0x20 c:/software/altera/18.1/nios2eds/bin/gnu/h-x86_64-mingw32/bin/../lib/gcc/nios2-elf/5.3.0/../../../../../H-x86_64-mingw32/nios2-elf/lib\libc.a(lib_a-writer.o)
 .debug_aranges
                0x0000000000000960       0x20 c:/software/altera/18.1/nios2eds/bin/gnu/h-x86_64-mingw32/bin/../lib/gcc/nios2-elf/5.3.0/../../../../../H-x86_64-mingw32/nios2-elf/lib\libc.a(closer.o)
 .debug_aranges
                0x0000000000000980       0x28 c:/software/altera/18.1/nios2eds/bin/gnu/h-x86_64-mingw32/bin/../lib/gcc/nios2-elf/5.3.0/../../../../../H-x86_64-mingw32/nios2-elf/lib\libc.a(lib_a-fclose.o)
 .debug_aranges
                0x00000000000009a8       0x20 c:/software/altera/18.1/nios2eds/bin/gnu/h-x86_64-mingw32/bin/../lib/gcc/nios2-elf/5.3.0/../../../../../H-x86_64-mingw32/nios2-elf/lib\libc.a(lib_a-fstatr.o)
 .debug_aranges